******************************************************************************
                  TI ARM Linker PC v18.1.3                     
******************************************************************************
>> Linked Sun Apr  7 13:11:07 2019

OUTPUT FILE NAME:   <HW5.out>
ENTRY POINT SYMBOL: "_c_int00_noargs"  address: 000027d5


MEMORY CONFIGURATION

         name            origin    length      used     unused   attr    fill
----------------------  --------  ---------  --------  --------  ----  --------
  FLASH                 00000000   00100000  0000307e  000fcf82  R  X
  SRAM                  20000000   00040000  00006224  00039ddc  RW X


SEGMENT ALLOCATION MAP

run origin  load origin   length   init length attrs members
----------  ----------- ---------- ----------- ----- -------
00000000    00000000    00003080   00003080    r-x
  00000000    00000000    00000200   00000200    r-- .intvecs
  00000200    00000200    00002b2a   00002b2a    r-x .text
  00002d2c    00002d2c    0000031c   0000031c    r-- .const
  00003048    00003048    00000038   00000038    r-- .cinit
20000000    20000000    00006224   00000000    rw-
  20000000    20000000    000051d0   00000000    rw- .bss
  200051d0    200051d0    00001000   00000000    rw- .stack
  200061d0    200061d0    00000054   00000000    rw- .data


SECTION ALLOCATION MAP

 output                                  attributes/
section   page    origin      length       input sections
--------  ----  ----------  ----------   ----------------
.intvecs   0    00000000    00000200     
                  00000000    00000200     startup_ccs.obj (.intvecs)

.text      0    00000200    00002b2a     
                  00000200    00000200     driverlib.lib : sysctl.obj (.text:SysCtlClockFreqSet)
                  00000400    000001ea     main.obj (.text:UARTvprintf)
                  000005ea    00000002     startup_ccs.obj (.text:FaultISR)
                  000005ec    00000180     touch.obj (.text:TouchScreenDebouncer)
                  0000076c    00000140     touch.obj (.text:TouchScreenIntHandler)
                  000008ac    00000132     driverlib.lib : gpio.obj (.text:GPIOPadConfigSet)
                  000009de    00000002     startup_ccs.obj (.text:IntDefaultHandler)
                  000009e0    00000118     queue.obj (.text:xQueueGenericReceive)
                  00000af8    00000104     main.obj (.text:main)
                  00000bfc    00000104     tasks.obj (.text:xTaskIncrementTick)
                  00000d00    00000100     logger_task.obj (.text:logger)
                  00000e00    00000100     tasks.obj (.text:xTaskGenericCreate)
                  00000f00    000000fc     rtsv7M4_T_le_v4SPD16_eabi.lib : fd_mul_t2.asm.obj (.text)
                  00000ffc    000000fc     temp_task.obj (.text:temperature)
                  000010f8    000000e8     queue.obj (.text:xQueueGenericSend)
                  000011e0    000000e4     tasks.obj (.text:xTaskResumeAll)
                  000012c4    000000d2     portasm.obj (.text)
                  00001396    00000002     startup_ccs.obj (.text:NmiSR)
                  00001398    000000c8     tasks.obj (.text:xTaskNotifyWait)
                  00001460    000000b0     lwiplib.obj (.text:lwIPEthernetIntHandler)
                  00001510    000000ac     heap_2.obj (.text:pvPortMalloc)
                  000015bc    000000ac     tasks.obj (.text:xTaskGenericNotify)
                  00001668    000000a4     timers.obj (.text:prvProcessReceivedCommands)
                  0000170c    0000009c     rtsv7M4_T_le_v4SPD16_eabi.lib : memcpy_t2.asm.obj (.text)
                  000017a8    00000098     temp_task.obj (.text:pucRead2Byte)
                  00001840    00000090     tasks.obj (.text:vTaskPriorityInherit)
                  000018d0    0000008c     tasks.obj (.text:vTaskSwitchContext)
                  0000195c    00000088     led_task.obj (.text:control_led)
                  000019e4    00000084     tasks.obj (.text:vTaskDelayUntil)
                  00001a68    00000084     queue.obj (.text:xQueueGenericReset)
                  00001aec    0000007a     rtsv7M4_T_le_v4SPD16_eabi.lib : memset_t2.asm.obj (.text)
                  00001b66    00000002                                   : div0.asm.obj (.text)
                  00001b68    00000078     tasks.obj (.text:xTaskPriorityDisinherit)
                  00001be0    00000074     tasks.obj (.text:xTaskRemoveFromEventList)
                  00001c54    00000072     queue.obj (.text:prvCopyDataToQueue)
                  00001cc6    00000002     main.obj (.text:vApplicationStackOverflowHook)
                  00001cc8    00000070     timers.obj (.text:prvProcessTimerOrBlockTask)
                  00001d38    00000068     rtsv7M4_T_le_v4SPD16_eabi.lib : copy_decompress_lzss.c.obj (.text:decompress:lzss:__TI_decompress_lzss)
                  00001da0    00000068     led_task.obj (.text:led_task_init)
                  00001e08    00000068     tasks.obj (.text:vTaskPlaceOnEventListRestricted)
                  00001e70    00000068     tasks.obj (.text:vTaskStartScheduler)
                  00001ed8    00000064     tasks.obj (.text:vTaskPlaceOnEventList)
                  00001f3c    00000062     queue.obj (.text:prvUnlockQueue)
                  00001f9e    00000002     --HOLE-- [fill = 0]
                  00001fa0    00000060     main.obj (.text:UARTStdioConfig)
                  00002000    00000060     tasks.obj (.text:prvInitialiseTaskLists)
                  00002060    00000060     timers.obj (.text:prvSwitchTimerLists)
                  000020c0    0000005c     timers.obj (.text:prvCheckForValidListAndQueue)
                  0000211c    0000005c     queue.obj (.text:xQueueGenericSendFromISR)
                  00002178    00000058     tasks.obj (.text:prvCheckTasksWaitingTermination)
                  000021d0    00000056     tasks.obj (.text:prvInitialiseTCBVariables)
                  00002226    00000002     --HOLE-- [fill = 0]
                  00002228    00000054     tasks.obj (.text:xTaskCheckForTimeOut)
                  0000227c    0000004c     driverlib.lib : i2c.obj (.text:I2CMasterInitExpClk)
                  000022c8    0000004c     main.obj (.text:InitConsole)
                  00002314    0000004c     tasks.obj (.text:prvAddCurrentTaskToDelayedList)
                  00002360    00000048     driverlib.lib : gpio.obj (.text:GPIOPinConfigure)
                  000023a8    00000048     main.obj (.text:UARTwrite)
                  000023f0    00000048     driverlib.lib : sysctl.obj (.text:_SysCtlFrequencyGet)
                  00002438    00000048     timers.obj (.text:prvProcessExpiredTimer)
                  00002480    00000048     rtsv7M4_T_le_v4SPD16_eabi.lib : fd_toi_t2.asm.obj (.text)
                  000024c8    00000044                                   : autoinit.c.obj (.text:__TI_auto_init_nobinit_nopinit:__TI_auto_init_nobinit_nopinit)
                  0000250c    00000044     timers.obj (.text:prvInsertTimerInActiveList)
                  00002550    00000044     temp_task.obj (.text:temp_task_init)
                  00002594    00000044     heap_2.obj (.text:vPortFree)
                  000025d8    00000044     timers.obj (.text:xTimerCreateTimerTask)
                  0000261c    00000044     timers.obj (.text:xTimerGenericCommand)
                  00002660    00000040     rtsv7M4_T_le_v4SPD16_eabi.lib : u_divt2.asm.obj (.text)
                  000026a0    00000040     queue.obj (.text:vQueueWaitForMessageRestricted)
                  000026e0    00000040     port.obj (.text:xPortStartScheduler)
                  00002720    0000003c     alert_task.obj (.text:alert_task_init)
                  0000275c    0000003c     queue.obj (.text:xQueueGenericCreate)
                  00002798    0000003a     tasks.obj (.text:prvAllocateTCBAndStack)
                  000027d2    00000002     --HOLE-- [fill = 0]
                  000027d4    00000038     rtsv7M4_T_le_v4SPD16_eabi.lib : boot_cortex_m.c.obj (.text:_c_int00_noargs:_c_int00_noargs)
                  0000280c    00000038     logger_task.obj (.text:logger_task_init)
                  00002844    00000038     list.obj (.text:vListInsert)
                  0000287c    00000034     driverlib.lib : sysctl.obj (.text:SysCtlPeripheralEnable)
                  000028b0    00000034     alert_task.obj (.text:alert)
                  000028e4    00000030     heap_2.obj (.text:prvHeapInit)
                  00002914    0000002e     rtsv7M4_T_le_v4SPD16_eabi.lib : i_tofd_t2.asm.obj (.text)
                  00002942    0000002c     driverlib.lib : emac.obj (.text:EMACIntStatus)
                  0000296e    00000002     --HOLE-- [fill = 0]
                  00002970    0000002c     port.obj (.text:xPortSysTickHandler)
                  0000299c    0000002a     driverlib.lib : gpio.obj (.text:GPIODirModeSet)
                  000029c6    00000002     --HOLE-- [fill = 0]
                  000029c8    00000028     tasks.obj (.text:prvResetNextTaskUnblockTime)
                  000029f0    00000028     timers.obj (.text:prvSampleTimeNow)
                  00002a18    00000028     port.obj (.text:pxPortInitialiseStack)
                  00002a40    00000026     led_task.obj (.text:led)
                  00002a66    00000026     queue.obj (.text:prvCopyDataFromQueue)
                  00002a8c    00000020     driverlib.lib : sysctl.obj (.text:_SysCtlMemTimingGet)
                  00002aac    00000020     timers.obj (.text:prvGetNextExpireTime)
                  00002acc    00000020     list.obj (.text:uxListRemove)
                  00002aec    00000020     queue.obj (.text:vQueueAddToRegistry)
                  00002b0c    00000020     tasks.obj (.text:xTaskGetSchedulerState)
                  00002b2c    0000001c     queue.obj (.text:prvIsQueueFull)
                  00002b48    0000001c     port.obj (.text:vPortEnterCritical)
                  00002b64    0000001a     main.obj (.text:UARTprintf)
                  00002b7e    0000001a     queue.obj (.text:prvIsQueueEmpty)
                  00002b98    00000018     tasks.obj (.text:pvTaskIncrementMutexHeldCount)
                  00002bb0    00000018     list.obj (.text:vListInsertEnd)
                  00002bc8    00000018     port.obj (.text:vPortExitCritical)
                  00002be0    00000018     tasks.obj (.text:vTaskSetTimeOutState)
                  00002bf8    00000016     list.obj (.text:vListInitialise)
                  00002c0e    00000014     timers.obj (.text:prvTimerTask)
                  00002c22    00000002     --HOLE-- [fill = 0]
                  00002c24    00000014     port.obj (.text:vPortSetupTimerInterrupt)
                  00002c38    00000012     driverlib.lib : gpio.obj (.text:GPIOPinTypeI2C)
                  00002c4a    00000012                   : gpio.obj (.text:GPIOPinTypeI2CSCL)
                  00002c5c    00000012                   : gpio.obj (.text:GPIOPinTypeUART)
                  00002c6e    00000012     tasks.obj (.text:prvDeleteTCB)
                  00002c80    00000010     port.obj (.text:prvTaskExitError)
                  00002c90    00000010     tasks.obj (.text:vTaskSuspendAll)
                  00002ca0    0000000e     rtsv7M4_T_le_v4SPD16_eabi.lib : copy_decompress_none.c.obj (.text:decompress:none:__TI_decompress_none)
                  00002cae    0000000c                                   : copy_zero_init.c.obj (.text:decompress:ZI:__TI_zero_init)
                  00002cba    00000002     --HOLE-- [fill = 0]
                  00002cbc    0000000c     tasks.obj (.text:vTaskMissedYield)
                  00002cc8    0000000c     tasks.obj (.text:xTaskGetTickCount)
                  00002cd4    0000000a     driverlib.lib : i2c.obj (.text:I2CMasterEnable)
                  00002cde    00000008                   : emac.obj (.text:EMACPowerManagementStatusGet)
                  00002ce6    00000008                   : i2c.obj (.text:I2CMasterBusy)
                  00002cee    00000008                   : i2c.obj (.text:I2CMasterSlaveAddrSet)
                  00002cf6    00000008     tasks.obj (.text:prvIdleTask)
                  00002cfe    00000006     driverlib.lib : emac.obj (.text:EMACTimestampIntStatus)
                  00002d04    00000006     startup_ccs.obj (.text:ResetISR)
                  00002d0a    00000006     driverlib.lib : uart.obj (.text:UARTClockSourceSet)
                  00002d10    00000006     list.obj (.text:vListInitialiseItem)
                  00002d16    00000004     driverlib.lib : i2c.obj (.text:I2CMasterControl)
                  00002d1a    00000004                   : i2c.obj (.text:I2CMasterDataGet)
                  00002d1e    00000004                   : i2c.obj (.text:I2CMasterDataPut)
                  00002d22    00000004     rtsv7M4_T_le_v4SPD16_eabi.lib : pre_init.c.obj (.text:_system_pre_init)
                  00002d26    00000004                                   : exit.c.obj (.text:abort:abort)

.const     0    00002d2c    0000031c     
                  00002d2c    000001b0     driverlib.lib : sysctl.obj (.const:g_pppui32XTALtoVCO)
                  00002edc    00000090                   : gpio.obj (.const:g_pui32GPIOBaseAddrs)
                  00002f6c    0000006c                   : sysctl.obj (.const:g_pui32Xtals)
                  00002fd8    00000030                   : sysctl.obj (.const:g_sXTALtoMEMTIM)
                  00003008    0000001c     touch.obj (.const:g_pi32TouchParameters)
                  00003024    0000000c     main.obj (.const:g_ui32UARTBase)
                  00003030    0000000c     main.obj (.const:g_ui32UARTPeriph)
                  0000303c    00000008     driverlib.lib : sysctl.obj (.const)
                  00003044    00000004     port.obj (.const)

.cinit     0    00003048    00000038     
                  00003048    00000014     (.cinit..data.load) [load image, compression = lzss]
                  0000305c    0000000c     (__TI_handler_table)
                  00003068    00000008     (.cinit..bss.load) [load image, compression = zero_init]
                  00003070    00000010     (__TI_cinit_table)

.init_array 
*          0    00000000    00000000     UNINITIALIZED

.bss       0    20000000    000051d0     UNINITIALIZED
                  20000000    00004f10     heap_2.obj (.bss:ucHeap)
                  20004f10    00000140     tasks.obj (.bss:pxReadyTasksLists)
                  20005050    00000058     lwiplib.obj (.bss)
                  200050a8    00000050     (.common:xQueueRegistry)
                  200050f8    00000014     timers.obj (.bss:xActiveTimerList1)
                  2000510c    00000014     timers.obj (.bss:xActiveTimerList2)
                  20005120    00000014     tasks.obj (.bss:xDelayedTaskList1)
                  20005134    00000014     tasks.obj (.bss:xDelayedTaskList2)
                  20005148    00000014     tasks.obj (.bss:xPendingReadyList)
                  2000515c    00000014     tasks.obj (.bss:xSuspendedTaskList)
                  20005170    00000014     tasks.obj (.bss:xTasksWaitingTermination)
                  20005184    00000010     touch.obj (.bss:g_pi16Samples)
                  20005194    00000008     tasks.obj (.bss)
                  2000519c    00000008     timers.obj (.bss)
                  200051a4    00000008     touch.obj (.bss)
                  200051ac    00000008     heap_2.obj (.bss:xEnd)
                  200051b4    00000008     heap_2.obj (.bss:xStart)
                  200051bc    00000004     (.common:g_pfnTimerHandler)
                  200051c0    00000004     (.common:g_ui32SysClock)
                  200051c4    00000004     (.common:xAlertTask)
                  200051c8    00000004     (.common:xQueueTask1)
                  200051cc    00000002     (.common:g_i16TouchX)
                  200051ce    00000002     (.common:g_i16TouchY)

.data      0    200061d0    00000054     UNINITIALIZED
                  200061d0    00000030     tasks.obj (.data)
                  20006200    00000008     heap_2.obj (.data)
                  20006208    00000008     timers.obj (.data)
                  20006210    00000005     main.obj (.data)
                  20006215    00000002     temp_task.obj (.data:rcv_data$1)
                  20006217    00000001     --HOLE--
                  20006218    00000004     led_task.obj (.data)
                  2000621c    00000004     port.obj (.data)
                  20006220    00000004     touch.obj (.data)

.stack     0    200051d0    00001000     UNINITIALIZED
                  200051d0    00000004     rtsv7M4_T_le_v4SPD16_eabi.lib : boot_cortex_m.c.obj (.stack)
                  200051d4    00000ffc     --HOLE--

MODULE SUMMARY

       Module                       code    ro data   rw data
       ------                       ----    -------   -------
    .\
       main.obj                     1022    24        9      
       startup_ccs.obj              12      512       0      
       temp_task.obj                472     0         2      
       logger_task.obj              312     0         0      
       led_task.obj                 278     0         4      
       alert_task.obj               112     0         8      
    +--+----------------------------+-------+---------+---------+
       Total:                       2208    536       23     
                                                             
    .\drivers\
       touch.obj                    704     28        32     
    +--+----------------------------+-------+---------+---------+
       Total:                       704     28        32     
                                                             
    .\third_party\FreeRTOS\Source\
       tasks.obj                    2750    0         476    
       queue.obj                    1196    0         80     
       timers.obj                   832     0         56     
       list.obj                     140     0         0      
    +--+----------------------------+-------+---------+---------+
       Total:                       4918    0         612    
                                                             
    .\third_party\FreeRTOS\Source\portable\CCS\ARM_CM4F\
       port.obj                     236     4         4      
       portasm.obj                  210     0         0      
    +--+----------------------------+-------+---------+---------+
       Total:                       446     4         4      
                                                             
    .\third_party\FreeRTOS\Source\portable\MemMang\
       heap_2.obj                   288     0         20264  
    +--+----------------------------+-------+---------+---------+
       Total:                       288     0         20264  
                                                             
    .\utils\
       lwiplib.obj                  176     0         92     
    +--+----------------------------+-------+---------+---------+
       Total:                       176     0         92     
                                                             
    C:/ti/TivaWare_C_Series-2.1.4.178/driverlib/ccs/Debug/driverlib.lib
       sysctl.obj                   668     596       0      
       gpio.obj                     474     144       0      
       i2c.obj                      114     0         0      
       emac.obj                     58      0         0      
       uart.obj                     6       0         0      
    +--+----------------------------+-------+---------+---------+
       Total:                       1320    740       0      
                                                             
    C:\ti\ccsv8\ccsv8\tools\compiler\ti-cgt-arm_18.1.3.LTS\lib\rtsv7M4_T_le_v4SPD16_eabi.lib
       fd_mul_t2.asm.obj            252     0         0      
       memcpy_t2.asm.obj            156     0         0      
       memset_t2.asm.obj            122     0         0      
       copy_decompress_lzss.c.obj   104     0         0      
       fd_toi_t2.asm.obj            72      0         0      
       autoinit.c.obj               68      0         0      
       u_divt2.asm.obj              64      0         0      
       boot_cortex_m.c.obj          56      0         0      
       i_tofd_t2.asm.obj            46      0         0      
       copy_decompress_none.c.obj   14      0         0      
       copy_zero_init.c.obj         12      0         0      
       exit.c.obj                   4       0         0      
       pre_init.c.obj               4       0         0      
       div0.asm.obj                 2       0         0      
    +--+----------------------------+-------+---------+---------+
       Total:                       976     0         0      
                                                             
       Stack:                       0       0         4096   
       Linker Generated:            0       56        0      
    +--+----------------------------+-------+---------+---------+
       Grand Total:                 11036   1364      25123  


LINKER GENERATED COPY TABLES

__TI_cinit_table @ 00003070 records: 2, size/record: 8, table size: 16
	.data: load addr=00003048, load size=00000014 bytes, run addr=200061d0, run size=00000054 bytes, compression=lzss
	.bss: load addr=00003068, load size=00000008 bytes, run addr=20000000, run size=000051d0 bytes, compression=zero_init


LINKER GENERATED HANDLER TABLE

__TI_handler_table @ 0000305c records: 3, size/record: 4, table size: 12
	index: 0, handler: __TI_decompress_lzss
	index: 1, handler: __TI_decompress_none
	index: 2, handler: __TI_zero_init


GLOBAL SYMBOLS: SORTED ALPHABETICALLY BY Name 

address   name                           
-------   ----                           
00002d27  C$$EXIT                        
00002943  EMACIntStatus                  
00002cdf  EMACPowerManagementStatusGet   
00002cff  EMACTimestampIntStatus         
0000299d  GPIODirModeSet                 
000008ad  GPIOPadConfigSet               
00002361  GPIOPinConfigure               
00002c39  GPIOPinTypeI2C                 
00002c4b  GPIOPinTypeI2CSCL              
00002c5d  GPIOPinTypeUART                
00002ce7  I2CMasterBusy                  
00002d17  I2CMasterControl               
00002d1b  I2CMasterDataGet               
00002d1f  I2CMasterDataPut               
00002cd5  I2CMasterEnable                
0000227d  I2CMasterInitExpClk            
00002cef  I2CMasterSlaveAddrSet          
000022c9  InitConsole                    
00002d05  ResetISR                       
00000201  SysCtlClockFreqSet             
0000287d  SysCtlPeripheralEnable         
0000076d  TouchScreenIntHandler          
00002d0b  UARTClockSourceSet             
00001fa1  UARTStdioConfig                
00002b65  UARTprintf                     
00000401  UARTvprintf                    
000023a9  UARTwrite                      
200061d0  __STACK_END                    
00001000  __STACK_SIZE                   
200061d0  __STACK_TOP                    
00003070  __TI_CINIT_Base                
00003080  __TI_CINIT_Limit               
0000305c  __TI_Handler_Table_Base        
00003068  __TI_Handler_Table_Limit       
000024c9  __TI_auto_init_nobinit_nopinit 
00001d39  __TI_decompress_lzss           
00002ca1  __TI_decompress_none           
ffffffff  __TI_pprof_out_hndl            
ffffffff  __TI_prof_data_size            
ffffffff  __TI_prof_data_start           
00000000  __TI_static_base__             
00002caf  __TI_zero_init                 
00002481  __aeabi_d2iz                   
00000f01  __aeabi_dmul                   
00002915  __aeabi_i2d                    
00001b67  __aeabi_idiv0                  
00001b67  __aeabi_ldiv0                  
00001aed  __aeabi_memclr                 
00001aed  __aeabi_memclr4                
00001aed  __aeabi_memclr8                
0000170d  __aeabi_memcpy                 
0000170d  __aeabi_memcpy4                
0000170d  __aeabi_memcpy8                
00001aef  __aeabi_memset                 
00001aef  __aeabi_memset4                
00001aef  __aeabi_memset8                
00002661  __aeabi_uidiv                  
00002661  __aeabi_uidivmod               
ffffffff  __binit__                      
ffffffff  __c_args__                     
UNDEFED   __mpu_init                     
200051d0  __stack                        
000027d5  _c_int00_noargs                
UNDEFED   _system_post_cinit             
00002d23  _system_pre_init               
00002d27  abort                          
00002721  alert_task_init                
ffffffff  binit                          
0000195d  control_led                    
20006220  g_i16TouchMin                  
200051cc  g_i16TouchX                    
200051ce  g_i16TouchY                    
200051bc  g_pfnTimerHandler              
00000000  g_pfnVectors                   
00003008  g_pi32TouchParameters          
200051c0  g_ui32SysClock                 
00001da1  led_task_init                  
0000280d  logger_task_init               
00001461  lwIPEthernetIntHandler         
00000af9  main                           
0000170d  memcpy                         
00001af5  memset                         
000017a9  pucRead2Byte                   
00001511  pvPortMalloc                   
00002b99  pvTaskIncrementMutexHeldCount  
200061d0  pxCurrentTCB                   
00002a19  pxPortInitialiseStack          
00002551  temp_task_init                 
00003044  ulMaxSyscallInterruptPriority  
000012d5  ulPortGetIPSR                  
00002acd  uxListRemove                   
00001cc7  vApplicationStackOverflowHook  
00002bf9  vListInitialise                
00002d11  vListInitialiseItem            
00002845  vListInsert                    
00002bb1  vListInsertEnd                 
00001389  vPortEnableVFP                 
00002b49  vPortEnterCritical             
00002bc9  vPortExitCritical              
00002595  vPortFree                      
0000134d  vPortSVCHandler                
00002c25  vPortSetupTimerInterrupt       
0000136d  vPortStartFirstTask            
00002aed  vQueueAddToRegistry            
000026a1  vQueueWaitForMessageRestricted 
000019e5  vTaskDelayUntil                
00002cbd  vTaskMissedYield               
00001ed9  vTaskPlaceOnEventList          
00001e09  vTaskPlaceOnEventListRestricted
00001841  vTaskPriorityInherit           
00002be1  vTaskSetTimeOutState           
00001e71  vTaskStartScheduler            
00002c91  vTaskSuspendAll                
000018d1  vTaskSwitchContext             
200051c4  xAlertTask                     
000012ed  xPortPendSVHandler             
000026e1  xPortStartScheduler            
00002971  xPortSysTickHandler            
0000275d  xQueueGenericCreate            
000009e1  xQueueGenericReceive           
00001a69  xQueueGenericReset             
000010f9  xQueueGenericSend              
0000211d  xQueueGenericSendFromISR       
200050a8  xQueueRegistry                 
200051c8  xQueueTask1                    
00002229  xTaskCheckForTimeOut           
00000e01  xTaskGenericCreate             
000015bd  xTaskGenericNotify             
00002b0d  xTaskGetSchedulerState         
00002cc9  xTaskGetTickCount              
00000bfd  xTaskIncrementTick             
00001399  xTaskNotifyWait                
00001b69  xTaskPriorityDisinherit        
00001be1  xTaskRemoveFromEventList       
000011e1  xTaskResumeAll                 
000025d9  xTimerCreateTimerTask          
0000261d  xTimerGenericCommand           


GLOBAL SYMBOLS: SORTED BY Symbol Address 

address   name                           
-------   ----                           
00000000  __TI_static_base__             
00000000  g_pfnVectors                   
00000201  SysCtlClockFreqSet             
00000401  UARTvprintf                    
0000076d  TouchScreenIntHandler          
000008ad  GPIOPadConfigSet               
000009e1  xQueueGenericReceive           
00000af9  main                           
00000bfd  xTaskIncrementTick             
00000e01  xTaskGenericCreate             
00000f01  __aeabi_dmul                   
00001000  __STACK_SIZE                   
000010f9  xQueueGenericSend              
000011e1  xTaskResumeAll                 
000012d5  ulPortGetIPSR                  
000012ed  xPortPendSVHandler             
0000134d  vPortSVCHandler                
0000136d  vPortStartFirstTask            
00001389  vPortEnableVFP                 
00001399  xTaskNotifyWait                
00001461  lwIPEthernetIntHandler         
00001511  pvPortMalloc                   
000015bd  xTaskGenericNotify             
0000170d  __aeabi_memcpy                 
0000170d  __aeabi_memcpy4                
0000170d  __aeabi_memcpy8                
0000170d  memcpy                         
000017a9  pucRead2Byte                   
00001841  vTaskPriorityInherit           
000018d1  vTaskSwitchContext             
0000195d  control_led                    
000019e5  vTaskDelayUntil                
00001a69  xQueueGenericReset             
00001aed  __aeabi_memclr                 
00001aed  __aeabi_memclr4                
00001aed  __aeabi_memclr8                
00001aef  __aeabi_memset                 
00001aef  __aeabi_memset4                
00001aef  __aeabi_memset8                
00001af5  memset                         
00001b67  __aeabi_idiv0                  
00001b67  __aeabi_ldiv0                  
00001b69  xTaskPriorityDisinherit        
00001be1  xTaskRemoveFromEventList       
00001cc7  vApplicationStackOverflowHook  
00001d39  __TI_decompress_lzss           
00001da1  led_task_init                  
00001e09  vTaskPlaceOnEventListRestricted
00001e71  vTaskStartScheduler            
00001ed9  vTaskPlaceOnEventList          
00001fa1  UARTStdioConfig                
0000211d  xQueueGenericSendFromISR       
00002229  xTaskCheckForTimeOut           
0000227d  I2CMasterInitExpClk            
000022c9  InitConsole                    
00002361  GPIOPinConfigure               
000023a9  UARTwrite                      
00002481  __aeabi_d2iz                   
000024c9  __TI_auto_init_nobinit_nopinit 
00002551  temp_task_init                 
00002595  vPortFree                      
000025d9  xTimerCreateTimerTask          
0000261d  xTimerGenericCommand           
00002661  __aeabi_uidiv                  
00002661  __aeabi_uidivmod               
000026a1  vQueueWaitForMessageRestricted 
000026e1  xPortStartScheduler            
00002721  alert_task_init                
0000275d  xQueueGenericCreate            
000027d5  _c_int00_noargs                
0000280d  logger_task_init               
00002845  vListInsert                    
0000287d  SysCtlPeripheralEnable         
00002915  __aeabi_i2d                    
00002943  EMACIntStatus                  
00002971  xPortSysTickHandler            
0000299d  GPIODirModeSet                 
00002a19  pxPortInitialiseStack          
00002acd  uxListRemove                   
00002aed  vQueueAddToRegistry            
00002b0d  xTaskGetSchedulerState         
00002b49  vPortEnterCritical             
00002b65  UARTprintf                     
00002b99  pvTaskIncrementMutexHeldCount  
00002bb1  vListInsertEnd                 
00002bc9  vPortExitCritical              
00002be1  vTaskSetTimeOutState           
00002bf9  vListInitialise                
00002c25  vPortSetupTimerInterrupt       
00002c39  GPIOPinTypeI2C                 
00002c4b  GPIOPinTypeI2CSCL              
00002c5d  GPIOPinTypeUART                
00002c91  vTaskSuspendAll                
00002ca1  __TI_decompress_none           
00002caf  __TI_zero_init                 
00002cbd  vTaskMissedYield               
00002cc9  xTaskGetTickCount              
00002cd5  I2CMasterEnable                
00002cdf  EMACPowerManagementStatusGet   
00002ce7  I2CMasterBusy                  
00002cef  I2CMasterSlaveAddrSet          
00002cff  EMACTimestampIntStatus         
00002d05  ResetISR                       
00002d0b  UARTClockSourceSet             
00002d11  vListInitialiseItem            
00002d17  I2CMasterControl               
00002d1b  I2CMasterDataGet               
00002d1f  I2CMasterDataPut               
00002d23  _system_pre_init               
00002d27  C$$EXIT                        
00002d27  abort                          
00003008  g_pi32TouchParameters          
00003044  ulMaxSyscallInterruptPriority  
0000305c  __TI_Handler_Table_Base        
00003068  __TI_Handler_Table_Limit       
00003070  __TI_CINIT_Base                
00003080  __TI_CINIT_Limit               
200050a8  xQueueRegistry                 
200051bc  g_pfnTimerHandler              
200051c0  g_ui32SysClock                 
200051c4  xAlertTask                     
200051c8  xQueueTask1                    
200051cc  g_i16TouchX                    
200051ce  g_i16TouchY                    
200051d0  __stack                        
200061d0  __STACK_END                    
200061d0  __STACK_TOP                    
200061d0  pxCurrentTCB                   
20006220  g_i16TouchMin                  
ffffffff  __TI_pprof_out_hndl            
ffffffff  __TI_prof_data_size            
ffffffff  __TI_prof_data_start           
ffffffff  __binit__                      
ffffffff  __c_args__                     
ffffffff  binit                          
UNDEFED   __mpu_init                     
UNDEFED   _system_post_cinit             

[137 symbols]
