<?xml version="1.0" encoding="ISO-8859-1" ?>
<link_info>
   <banner>TI ARM Linker PC v18.1.3.LTS</banner>
   <copyright>Copyright (c) 1996-2017 Texas Instruments Incorporated</copyright>
   <link_time>0x5ca8dd34</link_time>
   <link_errors>0x1</link_errors>
   <output_file>freertos_demo.out</output_file>
   <entry_point>
      <name>_c_int00_noargs</name>
      <address>0x2561</address>
   </entry_point>
   <input_file_list>
      <input_file id="fl-2">
         <path>.\</path>
         <kind>object</kind>
         <file>cgifuncs.obj</file>
         <name>cgifuncs.obj</name>
      </input_file>
      <input_file id="fl-3">
         <path>.\</path>
         <kind>object</kind>
         <file>display_task.obj</file>
         <name>display_task.obj</name>
      </input_file>
      <input_file id="fl-4">
         <path>.\</path>
         <kind>object</kind>
         <file>freertos_demo.obj</file>
         <name>freertos_demo.obj</name>
      </input_file>
      <input_file id="fl-5">
         <path>.\</path>
         <kind>object</kind>
         <file>fs.obj</file>
         <name>fs.obj</name>
      </input_file>
      <input_file id="fl-6">
         <path>.\</path>
         <kind>object</kind>
         <file>idle_task.obj</file>
         <name>idle_task.obj</name>
      </input_file>
      <input_file id="fl-7">
         <path>.\</path>
         <kind>object</kind>
         <file>images.obj</file>
         <name>images.obj</name>
      </input_file>
      <input_file id="fl-8">
         <path>.\</path>
         <kind>object</kind>
         <file>led_task.obj</file>
         <name>led_task.obj</name>
      </input_file>
      <input_file id="fl-9">
         <path>.\</path>
         <kind>object</kind>
         <file>lwip_task.obj</file>
         <name>lwip_task.obj</name>
      </input_file>
      <input_file id="fl-a">
         <path>.\</path>
         <kind>object</kind>
         <file>random.obj</file>
         <name>random.obj</name>
      </input_file>
      <input_file id="fl-b">
         <path>.\</path>
         <kind>object</kind>
         <file>spider_task.obj</file>
         <name>spider_task.obj</name>
      </input_file>
      <input_file id="fl-c">
         <path>.\</path>
         <kind>object</kind>
         <file>startup_ccs.obj</file>
         <name>startup_ccs.obj</name>
      </input_file>
      <input_file id="fl-d">
         <path>.\drivers\</path>
         <kind>object</kind>
         <file>frame.obj</file>
         <name>frame.obj</name>
      </input_file>
      <input_file id="fl-e">
         <path>.\drivers\</path>
         <kind>object</kind>
         <file>kentec320x240x16_ssd2119.obj</file>
         <name>kentec320x240x16_ssd2119.obj</name>
      </input_file>
      <input_file id="fl-f">
         <path>.\drivers\</path>
         <kind>object</kind>
         <file>pinout.obj</file>
         <name>pinout.obj</name>
      </input_file>
      <input_file id="fl-10">
         <path>.\drivers\</path>
         <kind>object</kind>
         <file>touch.obj</file>
         <name>touch.obj</name>
      </input_file>
      <input_file id="fl-11">
         <path>.\third_party\FreeRTOS\Source\</path>
         <kind>object</kind>
         <file>croutine.obj</file>
         <name>croutine.obj</name>
      </input_file>
      <input_file id="fl-12">
         <path>.\third_party\FreeRTOS\Source\</path>
         <kind>object</kind>
         <file>list.obj</file>
         <name>list.obj</name>
      </input_file>
      <input_file id="fl-13">
         <path>.\third_party\FreeRTOS\Source\</path>
         <kind>object</kind>
         <file>queue.obj</file>
         <name>queue.obj</name>
      </input_file>
      <input_file id="fl-14">
         <path>.\third_party\FreeRTOS\Source\</path>
         <kind>object</kind>
         <file>tasks.obj</file>
         <name>tasks.obj</name>
      </input_file>
      <input_file id="fl-15">
         <path>.\third_party\FreeRTOS\Source\</path>
         <kind>object</kind>
         <file>timers.obj</file>
         <name>timers.obj</name>
      </input_file>
      <input_file id="fl-16">
         <path>.\third_party\FreeRTOS\Source\portable\CCS\ARM_CM4F\</path>
         <kind>object</kind>
         <file>port.obj</file>
         <name>port.obj</name>
      </input_file>
      <input_file id="fl-17">
         <path>.\third_party\FreeRTOS\Source\portable\CCS\ARM_CM4F\</path>
         <kind>object</kind>
         <file>portasm.obj</file>
         <name>portasm.obj</name>
      </input_file>
      <input_file id="fl-18">
         <path>.\third_party\FreeRTOS\Source\portable\MemMang\</path>
         <kind>object</kind>
         <file>heap_2.obj</file>
         <name>heap_2.obj</name>
      </input_file>
      <input_file id="fl-19">
         <path>.\third_party\lwip-1.4.1\apps\httpserver_raw\</path>
         <kind>object</kind>
         <file>httpd.obj</file>
         <name>httpd.obj</name>
      </input_file>
      <input_file id="fl-1a">
         <path>.\utils\</path>
         <kind>object</kind>
         <file>locator.obj</file>
         <name>locator.obj</name>
      </input_file>
      <input_file id="fl-1b">
         <path>.\utils\</path>
         <kind>object</kind>
         <file>lwiplib.obj</file>
         <name>lwiplib.obj</name>
      </input_file>
      <input_file id="fl-1c">
         <path>.\utils\</path>
         <kind>object</kind>
         <file>ustdlib.obj</file>
         <name>ustdlib.obj</name>
      </input_file>
      <input_file id="fl-22">
         <kind>object</kind>
         <file>&lt;internal&gt;</file>
         <name>&lt;internal&gt;</name>
      </input_file>
      <input_file id="fl-d8">
         <path>C:\ti\ccsv8\ccsv8\tools\compiler\ti-cgt-arm_18.1.3.LTS\lib\</path>
         <kind>archive</kind>
         <file>rtsv7M4_T_le_v4SPD16_eabi.lib</file>
         <name>memset_t2.asm.obj</name>
      </input_file>
      <input_file id="fl-d9">
         <path>C:\ti\ccsv8\ccsv8\tools\compiler\ti-cgt-arm_18.1.3.LTS\lib\</path>
         <kind>archive</kind>
         <file>rtsv7M4_T_le_v4SPD16_eabi.lib</file>
         <name>u_divt2.asm.obj</name>
      </input_file>
      <input_file id="fl-da">
         <path>C:\ti\ccsv8\ccsv8\tools\compiler\ti-cgt-arm_18.1.3.LTS\lib\</path>
         <kind>archive</kind>
         <file>rtsv7M4_T_le_v4SPD16_eabi.lib</file>
         <name>memcpy_t2.asm.obj</name>
      </input_file>
      <input_file id="fl-db">
         <path>C:\ti\ccsv8\ccsv8\tools\compiler\ti-cgt-arm_18.1.3.LTS\lib\</path>
         <kind>archive</kind>
         <file>rtsv7M4_T_le_v4SPD16_eabi.lib</file>
         <name>copy_zero_init.c.obj</name>
      </input_file>
      <input_file id="fl-dc">
         <path>C:\ti\ccsv8\ccsv8\tools\compiler\ti-cgt-arm_18.1.3.LTS\lib\</path>
         <kind>archive</kind>
         <file>rtsv7M4_T_le_v4SPD16_eabi.lib</file>
         <name>copy_decompress_none.c.obj</name>
      </input_file>
      <input_file id="fl-dd">
         <path>C:\ti\ccsv8\ccsv8\tools\compiler\ti-cgt-arm_18.1.3.LTS\lib\</path>
         <kind>archive</kind>
         <file>rtsv7M4_T_le_v4SPD16_eabi.lib</file>
         <name>copy_decompress_lzss.c.obj</name>
      </input_file>
      <input_file id="fl-de">
         <path>C:\ti\ccsv8\ccsv8\tools\compiler\ti-cgt-arm_18.1.3.LTS\lib\</path>
         <kind>archive</kind>
         <file>rtsv7M4_T_le_v4SPD16_eabi.lib</file>
         <name>memcmp.c.obj</name>
      </input_file>
      <input_file id="fl-df">
         <path>C:\ti\ccsv8\ccsv8\tools\compiler\ti-cgt-arm_18.1.3.LTS\lib\</path>
         <kind>archive</kind>
         <file>rtsv7M4_T_le_v4SPD16_eabi.lib</file>
         <name>strchr.c.obj</name>
      </input_file>
      <input_file id="fl-e0">
         <path>C:\ti\ccsv8\ccsv8\tools\compiler\ti-cgt-arm_18.1.3.LTS\lib\</path>
         <kind>archive</kind>
         <file>rtsv7M4_T_le_v4SPD16_eabi.lib</file>
         <name>strcmp.c.obj</name>
      </input_file>
      <input_file id="fl-e1">
         <path>C:\ti\ccsv8\ccsv8\tools\compiler\ti-cgt-arm_18.1.3.LTS\lib\</path>
         <kind>archive</kind>
         <file>rtsv7M4_T_le_v4SPD16_eabi.lib</file>
         <name>strlen.c.obj</name>
      </input_file>
      <input_file id="fl-e2">
         <path>C:\ti\ccsv8\ccsv8\tools\compiler\ti-cgt-arm_18.1.3.LTS\lib\</path>
         <kind>archive</kind>
         <file>rtsv7M4_T_le_v4SPD16_eabi.lib</file>
         <name>strncmp.c.obj</name>
      </input_file>
      <input_file id="fl-e3">
         <path>C:\ti\ccsv8\ccsv8\tools\compiler\ti-cgt-arm_18.1.3.LTS\lib\</path>
         <kind>archive</kind>
         <file>rtsv7M4_T_le_v4SPD16_eabi.lib</file>
         <name>strstr.c.obj</name>
      </input_file>
      <input_file id="fl-e4">
         <path>C:\ti\ccsv8\ccsv8\tools\compiler\ti-cgt-arm_18.1.3.LTS\lib\</path>
         <kind>archive</kind>
         <file>rtsv7M4_T_le_v4SPD16_eabi.lib</file>
         <name>boot_cortex_m.c.obj</name>
      </input_file>
      <input_file id="fl-e5">
         <path>C:\ti\ccsv8\ccsv8\tools\compiler\ti-cgt-arm_18.1.3.LTS\lib\</path>
         <kind>archive</kind>
         <file>rtsv7M4_T_le_v4SPD16_eabi.lib</file>
         <name>div0.asm.obj</name>
      </input_file>
      <input_file id="fl-e6">
         <path>C:\ti\ccsv8\ccsv8\tools\compiler\ti-cgt-arm_18.1.3.LTS\lib\</path>
         <kind>archive</kind>
         <file>rtsv7M4_T_le_v4SPD16_eabi.lib</file>
         <name>autoinit.c.obj</name>
      </input_file>
      <input_file id="fl-e7">
         <path>C:\ti\ccsv8\ccsv8\tools\compiler\ti-cgt-arm_18.1.3.LTS\lib\</path>
         <kind>archive</kind>
         <file>rtsv7M4_T_le_v4SPD16_eabi.lib</file>
         <name>pre_init.c.obj</name>
      </input_file>
      <input_file id="fl-e8">
         <path>C:\ti\ccsv8\ccsv8\tools\compiler\ti-cgt-arm_18.1.3.LTS\lib\</path>
         <kind>archive</kind>
         <file>rtsv7M4_T_le_v4SPD16_eabi.lib</file>
         <name>cpy_tbl.c.obj</name>
      </input_file>
      <input_file id="fl-e9">
         <path>C:\ti\ccsv8\ccsv8\tools\compiler\ti-cgt-arm_18.1.3.LTS\lib\</path>
         <kind>archive</kind>
         <file>rtsv7M4_T_le_v4SPD16_eabi.lib</file>
         <name>exit.c.obj</name>
      </input_file>
      <input_file id="fl-ea">
         <path>C:\ti\ccsv8\ccsv8\tools\compiler\ti-cgt-arm_18.1.3.LTS\lib\</path>
         <kind>archive</kind>
         <file>rtsv7M4_T_le_v4SPD16_eabi.lib</file>
         <name>_lock.c.obj</name>
      </input_file>
      <input_file id="fl-eb">
         <path>C:\ti\ccsv8\ccsv8\tools\compiler\ti-cgt-arm_18.1.3.LTS\lib\</path>
         <kind>archive</kind>
         <file>rtsv7M4_T_le_v4SPD16_eabi.lib</file>
         <name>args_main.c.obj</name>
      </input_file>
      <input_file id="fl-ec">
         <path>C:\ti\TivaWare_C_Series-2.1.4.178\driverlib\ccs\Debug\</path>
         <kind>archive</kind>
         <file>driverlib.lib</file>
         <name>emac.obj</name>
      </input_file>
      <input_file id="fl-ed">
         <path>C:\ti\TivaWare_C_Series-2.1.4.178\driverlib\ccs\Debug\</path>
         <kind>archive</kind>
         <file>driverlib.lib</file>
         <name>gpio.obj</name>
      </input_file>
      <input_file id="fl-ee">
         <path>C:\ti\TivaWare_C_Series-2.1.4.178\driverlib\ccs\Debug\</path>
         <kind>archive</kind>
         <file>driverlib.lib</file>
         <name>interrupt.obj</name>
      </input_file>
      <input_file id="fl-ef">
         <path>C:\ti\TivaWare_C_Series-2.1.4.178\driverlib\ccs\Debug\</path>
         <kind>archive</kind>
         <file>driverlib.lib</file>
         <name>lcd.obj</name>
      </input_file>
      <input_file id="fl-f0">
         <path>C:\ti\TivaWare_C_Series-2.1.4.178\driverlib\ccs\Debug\</path>
         <kind>archive</kind>
         <file>driverlib.lib</file>
         <name>sw_crc.obj</name>
      </input_file>
      <input_file id="fl-f1">
         <path>C:\ti\TivaWare_C_Series-2.1.4.178\driverlib\ccs\Debug\</path>
         <kind>archive</kind>
         <file>driverlib.lib</file>
         <name>sysctl.obj</name>
      </input_file>
      <input_file id="fl-f2">
         <path>C:\ti\TivaWare_C_Series-2.1.4.178\driverlib\ccs\Debug\</path>
         <kind>archive</kind>
         <file>driverlib.lib</file>
         <name>timer.obj</name>
      </input_file>
      <input_file id="fl-f3">
         <path>C:\ti\TivaWare_C_Series-2.1.4.178\driverlib\ccs\Debug\</path>
         <kind>archive</kind>
         <file>driverlib.lib</file>
         <name>uart.obj</name>
      </input_file>
      <input_file id="fl-f4">
         <path>C:\ti\TivaWare_C_Series-2.1.4.178\driverlib\ccs\Debug\</path>
         <kind>archive</kind>
         <file>driverlib.lib</file>
         <name>cpu.obj</name>
      </input_file>
      <input_file id="fl-f5">
         <path>C:\ti\TivaWare_C_Series-2.1.4.178\grlib\ccs\Debug\</path>
         <kind>archive</kind>
         <file>grlib.lib</file>
         <name>context.obj</name>
      </input_file>
      <input_file id="fl-f6">
         <path>C:\ti\TivaWare_C_Series-2.1.4.178\grlib\ccs\Debug\</path>
         <kind>archive</kind>
         <file>grlib.lib</file>
         <name>image.obj</name>
      </input_file>
      <input_file id="fl-f7">
         <path>C:\ti\TivaWare_C_Series-2.1.4.178\grlib\ccs\Debug\</path>
         <kind>archive</kind>
         <file>grlib.lib</file>
         <name>line.obj</name>
      </input_file>
      <input_file id="fl-f8">
         <path>C:\ti\TivaWare_C_Series-2.1.4.178\grlib\ccs\Debug\</path>
         <kind>archive</kind>
         <file>grlib.lib</file>
         <name>string.obj</name>
      </input_file>
      <input_file id="fl-f9">
         <path>C:\ti\TivaWare_C_Series-2.1.4.178\grlib\ccs\Debug\</path>
         <kind>archive</kind>
         <file>grlib.lib</file>
         <name>fontcmss18b.obj</name>
      </input_file>
      <input_file id="fl-fa">
         <path>C:\ti\TivaWare_C_Series-2.1.4.178\grlib\ccs\Debug\</path>
         <kind>archive</kind>
         <file>grlib.lib</file>
         <name>fontfixed6x8.obj</name>
      </input_file>
      <input_file id="fl-fb">
         <path>C:\ti\TivaWare_C_Series-2.1.4.178\grlib\ccs\Debug\</path>
         <kind>archive</kind>
         <file>grlib.lib</file>
         <name>charmap.obj</name>
      </input_file>
   </input_file_list>
   <object_component_list>
      <object_component id="oc-f">
         <name>.intvecs</name>
         <load_address>0x0</load_address>
         <run_address>0x0</run_address>
         <size>0x200</size>
         <input_file_ref idref="fl-c"/>
      </object_component>
      <object_component id="oc-23c">
         <name>.text:PinoutSet</name>
         <load_address>0x200</load_address>
         <run_address>0x200</run_address>
         <size>0x4b8</size>
         <input_file_ref idref="fl-f"/>
      </object_component>
      <object_component id="oc-46b">
         <name>.text:vApplicationIdleHook</name>
         <load_address>0x6b8</load_address>
         <run_address>0x6b8</run_address>
         <size>0x254</size>
         <input_file_ref idref="fl-6"/>
      </object_component>
      <object_component id="oc-52f">
         <name>.text:DisplayValue</name>
         <load_address>0x90c</load_address>
         <run_address>0x90c</run_address>
         <size>0x198</size>
         <input_file_ref idref="fl-6"/>
      </object_component>
      <object_component id="oc-ab">
         <name>.text:TouchScreenDebouncer</name>
         <load_address>0xaa4</load_address>
         <run_address>0xaa4</run_address>
         <size>0x180</size>
         <input_file_ref idref="fl-10"/>
      </object_component>
      <object_component id="oc-10a">
         <name>.text:main</name>
         <load_address>0xc24</load_address>
         <run_address>0xc24</run_address>
         <size>0x154</size>
         <input_file_ref idref="fl-4"/>
      </object_component>
      <object_component id="oc-47">
         <name>.text:TouchScreenIntHandler</name>
         <load_address>0xd78</load_address>
         <run_address>0xd78</run_address>
         <size>0x140</size>
         <input_file_ref idref="fl-10"/>
      </object_component>
      <object_component id="oc-3f5">
         <name>.text:GPIOPadConfigSet</name>
         <load_address>0xeb8</load_address>
         <run_address>0xeb8</run_address>
         <size>0x132</size>
         <input_file_ref idref="fl-ed"/>
      </object_component>
      <object_component id="oc-30">
         <name>.text:FaultISR</name>
         <load_address>0xfea</load_address>
         <run_address>0xfea</run_address>
         <size>0x2</size>
         <input_file_ref idref="fl-c"/>
      </object_component>
      <object_component id="oc-389">
         <name>.text:xQueueGenericReceive</name>
         <load_address>0xfec</load_address>
         <run_address>0xfec</run_address>
         <size>0x118</size>
         <input_file_ref idref="fl-13"/>
      </object_component>
      <object_component id="oc-a4">
         <name>.text:xTaskIncrementTick</name>
         <load_address>0x1104</load_address>
         <run_address>0x1104</run_address>
         <size>0x104</size>
         <input_file_ref idref="fl-14"/>
      </object_component>
      <object_component id="oc-248">
         <name>.text:xTaskGenericCreate</name>
         <load_address>0x1208</load_address>
         <run_address>0x1208</run_address>
         <size>0x100</size>
         <input_file_ref idref="fl-14"/>
      </object_component>
      <object_component id="oc-35d">
         <name>.text:xQueueGenericSend</name>
         <load_address>0x1308</load_address>
         <run_address>0x1308</run_address>
         <size>0xe8</size>
         <input_file_ref idref="fl-13"/>
      </object_component>
      <object_component id="oc-3d7">
         <name>.text:xTaskResumeAll</name>
         <load_address>0x13f0</load_address>
         <run_address>0x13f0</run_address>
         <size>0xe4</size>
         <input_file_ref idref="fl-14"/>
      </object_component>
      <object_component id="oc-3c">
         <name>.text</name>
         <load_address>0x14d4</load_address>
         <run_address>0x14d4</run_address>
         <size>0xd2</size>
         <input_file_ref idref="fl-17"/>
      </object_component>
      <object_component id="oc-36">
         <name>.text:IntDefaultHandler</name>
         <load_address>0x15a6</load_address>
         <run_address>0x15a6</run_address>
         <size>0x2</size>
         <input_file_ref idref="fl-c"/>
      </object_component>
      <object_component id="oc-529">
         <name>.text:DisplayIP</name>
         <load_address>0x15a8</load_address>
         <run_address>0x15a8</run_address>
         <size>0xd0</size>
         <input_file_ref idref="fl-6"/>
      </object_component>
      <object_component id="oc-4d">
         <name>.text:lwIPEthernetIntHandler</name>
         <load_address>0x1678</load_address>
         <run_address>0x1678</run_address>
         <size>0xb0</size>
         <input_file_ref idref="fl-1b"/>
      </object_component>
      <object_component id="oc-302">
         <name>.text:pvPortMalloc</name>
         <load_address>0x1728</load_address>
         <run_address>0x1728</run_address>
         <size>0xac</size>
         <input_file_ref idref="fl-18"/>
      </object_component>
      <object_component id="oc-4fc">
         <name>.text:prvProcessReceivedCommands</name>
         <load_address>0x17d4</load_address>
         <run_address>0x17d4</run_address>
         <size>0xa4</size>
         <input_file_ref idref="fl-15"/>
      </object_component>
      <object_component id="oc-61">
         <name>.text</name>
         <load_address>0x1878</load_address>
         <run_address>0x1878</run_address>
         <size>0x9c</size>
         <input_file_ref idref="fl-da"/>
      </object_component>
      <object_component id="oc-478">
         <name>.text:vTaskPriorityInherit</name>
         <load_address>0x1914</load_address>
         <run_address>0x1914</run_address>
         <size>0x90</size>
         <input_file_ref idref="fl-14"/>
      </object_component>
      <object_component id="oc-9d">
         <name>.text:vTaskSwitchContext</name>
         <load_address>0x19a4</load_address>
         <run_address>0x19a4</run_address>
         <size>0x8c</size>
         <input_file_ref idref="fl-14"/>
      </object_component>
      <object_component id="oc-308">
         <name>.text:xQueueGenericReset</name>
         <load_address>0x1a30</load_address>
         <run_address>0x1a30</run_address>
         <size>0x84</size>
         <input_file_ref idref="fl-13"/>
      </object_component>
      <object_component id="oc-fe">
         <name>.text</name>
         <load_address>0x1ab4</load_address>
         <run_address>0x1ab4</run_address>
         <size>0x7a</size>
         <input_file_ref idref="fl-d8"/>
      </object_component>
      <object_component id="oc-2a">
         <name>.text:NmiSR</name>
         <load_address>0x1b2e</load_address>
         <run_address>0x1b2e</run_address>
         <size>0x2</size>
         <input_file_ref idref="fl-c"/>
      </object_component>
      <object_component id="oc-2e8">
         <name>.text:xTaskPriorityDisinherit</name>
         <load_address>0x1b30</load_address>
         <run_address>0x1b30</run_address>
         <size>0x78</size>
         <input_file_ref idref="fl-14"/>
      </object_component>
      <object_component id="oc-16e">
         <name>.text:xTaskRemoveFromEventList</name>
         <load_address>0x1ba8</load_address>
         <run_address>0x1ba8</run_address>
         <size>0x74</size>
         <input_file_ref idref="fl-14"/>
      </object_component>
      <object_component id="oc-168">
         <name>.text:prvCopyDataToQueue</name>
         <load_address>0x1c1c</load_address>
         <run_address>0x1c1c</run_address>
         <size>0x72</size>
         <input_file_ref idref="fl-13"/>
      </object_component>
      <object_component id="oc-127">
         <name>.text:vApplicationStackOverflowHook</name>
         <load_address>0x1c8e</load_address>
         <run_address>0x1c8e</run_address>
         <size>0x2</size>
         <input_file_ref idref="fl-4"/>
      </object_component>
      <object_component id="oc-4f6">
         <name>.text:prvProcessTimerOrBlockTask</name>
         <load_address>0x1c90</load_address>
         <run_address>0x1c90</run_address>
         <size>0x70</size>
         <input_file_ref idref="fl-15"/>
      </object_component>
      <object_component id="oc-12">
         <name>.text:decompress:lzss:__TI_decompress_lzss</name>
         <load_address>0x1d00</load_address>
         <run_address>0x1d00</run_address>
         <size>0x68</size>
         <input_file_ref idref="fl-dd"/>
      </object_component>
      <object_component id="oc-269">
         <name>.text:deferredTask</name>
         <load_address>0x1d68</load_address>
         <run_address>0x1d68</run_address>
         <size>0x68</size>
         <input_file_ref idref="fl-4"/>
      </object_component>
      <object_component id="oc-5b1">
         <name>.text:vTaskPlaceOnEventListRestricted</name>
         <load_address>0x1dd0</load_address>
         <run_address>0x1dd0</run_address>
         <size>0x68</size>
         <input_file_ref idref="fl-14"/>
      </object_component>
      <object_component id="oc-260">
         <name>.text:vTaskStartScheduler</name>
         <load_address>0x1e38</load_address>
         <run_address>0x1e38</run_address>
         <size>0x68</size>
         <input_file_ref idref="fl-14"/>
      </object_component>
      <object_component id="oc-242">
         <name>.text:ConfigureUART</name>
         <load_address>0x1ea0</load_address>
         <run_address>0x1ea0</run_address>
         <size>0x64</size>
         <input_file_ref idref="fl-4"/>
      </object_component>
      <object_component id="oc-44c">
         <name>.text:vTaskPlaceOnEventList</name>
         <load_address>0x1f04</load_address>
         <run_address>0x1f04</run_address>
         <size>0x64</size>
         <input_file_ref idref="fl-14"/>
      </object_component>
      <object_component id="oc-440">
         <name>.text:prvUnlockQueue</name>
         <load_address>0x1f68</load_address>
         <run_address>0x1f68</run_address>
         <size>0x62</size>
         <input_file_ref idref="fl-13"/>
      </object_component>
      <object_component id="oc-33b">
         <name>.text:prvInitialiseTaskLists</name>
         <load_address>0x1fcc</load_address>
         <run_address>0x1fcc</run_address>
         <size>0x60</size>
         <input_file_ref idref="fl-14"/>
      </object_component>
      <object_component id="oc-5aa">
         <name>.text:prvSwitchTimerLists</name>
         <load_address>0x202c</load_address>
         <run_address>0x202c</run_address>
         <size>0x60</size>
         <input_file_ref idref="fl-15"/>
      </object_component>
      <object_component id="oc-348">
         <name>.text:prvCheckForValidListAndQueue</name>
         <load_address>0x208c</load_address>
         <run_address>0x208c</run_address>
         <size>0x5c</size>
         <input_file_ref idref="fl-15"/>
      </object_component>
      <object_component id="oc-cb">
         <name>.text:xQueueGenericSendFromISR</name>
         <load_address>0x20e8</load_address>
         <run_address>0x20e8</run_address>
         <size>0x5c</size>
         <input_file_ref idref="fl-13"/>
      </object_component>
      <object_component id="oc-465">
         <name>.text:prvCheckTasksWaitingTermination</name>
         <load_address>0x2144</load_address>
         <run_address>0x2144</run_address>
         <size>0x58</size>
         <input_file_ref idref="fl-14"/>
      </object_component>
      <object_component id="oc-329">
         <name>.text:prvInitialiseTCBVariables</name>
         <load_address>0x219c</load_address>
         <run_address>0x219c</run_address>
         <size>0x56</size>
         <input_file_ref idref="fl-14"/>
      </object_component>
      <object_component id="oc-43a">
         <name>.text:xTaskCheckForTimeOut</name>
         <load_address>0x21f4</load_address>
         <run_address>0x21f4</run_address>
         <size>0x54</size>
         <input_file_ref idref="fl-14"/>
      </object_component>
      <object_component id="oc-4e9">
         <name>.text:prvAddCurrentTaskToDelayedList</name>
         <load_address>0x2248</load_address>
         <run_address>0x2248</run_address>
         <size>0x4c</size>
         <input_file_ref idref="fl-14"/>
      </object_component>
      <object_component id="oc-566">
         <name>.text:prvProcessExpiredTimer</name>
         <load_address>0x2294</load_address>
         <run_address>0x2294</run_address>
         <size>0x48</size>
         <input_file_ref idref="fl-15"/>
      </object_component>
      <object_component id="oc-289">
         <name>.text:__TI_auto_init_nobinit_nopinit:__TI_auto_init_nobinit_nopinit</name>
         <load_address>0x22dc</load_address>
         <run_address>0x22dc</run_address>
         <size>0x44</size>
         <input_file_ref idref="fl-e6"/>
      </object_component>
      <object_component id="oc-573">
         <name>.text:prvInsertTimerInActiveList</name>
         <load_address>0x2320</load_address>
         <run_address>0x2320</run_address>
         <size>0x44</size>
         <input_file_ref idref="fl-15"/>
      </object_component>
      <object_component id="oc-3ff">
         <name>.text:vPortFree</name>
         <load_address>0x2364</load_address>
         <run_address>0x2364</run_address>
         <size>0x44</size>
         <input_file_ref idref="fl-18"/>
      </object_component>
      <object_component id="oc-36f">
         <name>.text:xTimerCreateTimerTask</name>
         <load_address>0x23a8</load_address>
         <run_address>0x23a8</run_address>
         <size>0x44</size>
         <input_file_ref idref="fl-15"/>
      </object_component>
      <object_component id="oc-25a">
         <name>.text:xTimerGenericCommand</name>
         <load_address>0x23ec</load_address>
         <run_address>0x23ec</run_address>
         <size>0x44</size>
         <input_file_ref idref="fl-15"/>
      </object_component>
      <object_component id="oc-56c">
         <name>.text:vQueueWaitForMessageRestricted</name>
         <load_address>0x2430</load_address>
         <run_address>0x2430</run_address>
         <size>0x40</size>
         <input_file_ref idref="fl-13"/>
      </object_component>
      <object_component id="oc-375">
         <name>.text:xPortStartScheduler</name>
         <load_address>0x2470</load_address>
         <run_address>0x2470</run_address>
         <size>0x40</size>
         <input_file_ref idref="fl-16"/>
      </object_component>
      <object_component id="oc-236">
         <name>.text:xQueueGenericCreate</name>
         <load_address>0x24b0</load_address>
         <run_address>0x24b0</run_address>
         <size>0x3c</size>
         <input_file_ref idref="fl-13"/>
      </object_component>
      <object_component id="oc-323">
         <name>.text:prvAllocateTCBAndStack</name>
         <load_address>0x24ec</load_address>
         <run_address>0x24ec</run_address>
         <size>0x3a</size>
         <input_file_ref idref="fl-14"/>
      </object_component>
      <object_component id="oc-24e">
         <name>.text:xTimerCreate</name>
         <load_address>0x2526</load_address>
         <run_address>0x2526</run_address>
         <size>0x3a</size>
         <input_file_ref idref="fl-15"/>
      </object_component>
      <object_component id="oc-7f">
         <name>.text:_c_int00_noargs:_c_int00_noargs</name>
         <load_address>0x2560</load_address>
         <run_address>0x2560</run_address>
         <size>0x38</size>
         <input_file_ref idref="fl-e4"/>
      </object_component>
      <object_component id="oc-4e3">
         <name>.text:vListInsert</name>
         <load_address>0x2598</load_address>
         <run_address>0x2598</run_address>
         <size>0x38</size>
         <input_file_ref idref="fl-12"/>
      </object_component>
      <object_component id="oc-3d1">
         <name>.text:prvHeapInit</name>
         <load_address>0x25d0</load_address>
         <run_address>0x25d0</run_address>
         <size>0x30</size>
         <input_file_ref idref="fl-18"/>
      </object_component>
      <object_component id="oc-26f">
         <name>.text:prvTimerCallbackFunction</name>
         <load_address>0x2600</load_address>
         <run_address>0x2600</run_address>
         <size>0x30</size>
         <input_file_ref idref="fl-4"/>
      </object_component>
      <object_component id="oc-517">
         <name>.text:DisplayString</name>
         <load_address>0x2630</load_address>
         <run_address>0x2630</run_address>
         <size>0x2c</size>
         <input_file_ref idref="fl-3"/>
      </object_component>
      <object_component id="oc-b9">
         <name>.text:EMACIntStatus</name>
         <load_address>0x265c</load_address>
         <run_address>0x265c</run_address>
         <size>0x2c</size>
         <input_file_ref idref="fl-ec"/>
      </object_component>
      <object_component id="oc-41">
         <name>.text:xPortSysTickHandler</name>
         <load_address>0x2688</load_address>
         <run_address>0x2688</run_address>
         <size>0x2c</size>
         <input_file_ref idref="fl-16"/>
      </object_component>
      <object_component id="oc-3ef">
         <name>.text:GPIODirModeSet</name>
         <load_address>0x26b4</load_address>
         <run_address>0x26b4</run_address>
         <size>0x2a</size>
         <input_file_ref idref="fl-ed"/>
      </object_component>
      <object_component id="oc-511">
         <name>.text:DisplayDraw</name>
         <load_address>0x26e0</load_address>
         <run_address>0x26e0</run_address>
         <size>0x28</size>
         <input_file_ref idref="fl-3"/>
      </object_component>
      <object_component id="oc-50b">
         <name>.text:DisplayMove</name>
         <load_address>0x2708</load_address>
         <run_address>0x2708</run_address>
         <size>0x28</size>
         <input_file_ref idref="fl-3"/>
      </object_component>
      <object_component id="oc-131">
         <name>.text:prvResetNextTaskUnblockTime</name>
         <load_address>0x2730</load_address>
         <run_address>0x2730</run_address>
         <size>0x28</size>
         <input_file_ref idref="fl-14"/>
      </object_component>
      <object_component id="oc-564">
         <name>.text:prvSampleTimeNow</name>
         <load_address>0x2758</load_address>
         <run_address>0x2758</run_address>
         <size>0x28</size>
         <input_file_ref idref="fl-15"/>
      </object_component>
      <object_component id="oc-32f">
         <name>.text:pxPortInitialiseStack</name>
         <load_address>0x2780</load_address>
         <run_address>0x2780</run_address>
         <size>0x28</size>
         <input_file_ref idref="fl-16"/>
      </object_component>
      <object_component id="oc-47e">
         <name>.text:prvCopyDataFromQueue</name>
         <load_address>0x27a8</load_address>
         <run_address>0x27a8</run_address>
         <size>0x26</size>
         <input_file_ref idref="fl-13"/>
      </object_component>
      <object_component id="oc-4f0">
         <name>.text:prvGetNextExpireTime</name>
         <load_address>0x27d0</load_address>
         <run_address>0x27d0</run_address>
         <size>0x20</size>
         <input_file_ref idref="fl-15"/>
      </object_component>
      <object_component id="oc-137">
         <name>.text:uxListRemove</name>
         <load_address>0x27f0</load_address>
         <run_address>0x27f0</run_address>
         <size>0x20</size>
         <input_file_ref idref="fl-12"/>
      </object_component>
      <object_component id="oc-420">
         <name>.text:vQueueAddToRegistry</name>
         <load_address>0x2810</load_address>
         <run_address>0x2810</run_address>
         <size>0x20</size>
         <input_file_ref idref="fl-13"/>
      </object_component>
      <object_component id="oc-357">
         <name>.text:xTaskGetSchedulerState</name>
         <load_address>0x2830</load_address>
         <run_address>0x2830</run_address>
         <size>0x20</size>
         <input_file_ref idref="fl-14"/>
      </object_component>
      <object_component id="oc-523">
         <name>.text:lwIPLocalIPAddrGet</name>
         <load_address>0x2850</load_address>
         <run_address>0x2850</run_address>
         <size>0x1c</size>
         <input_file_ref idref="fl-1b"/>
      </object_component>
      <object_component id="oc-446">
         <name>.text:prvIsQueueFull</name>
         <load_address>0x286c</load_address>
         <run_address>0x286c</run_address>
         <size>0x1c</size>
         <input_file_ref idref="fl-13"/>
      </object_component>
      <object_component id="oc-335">
         <name>.text:vPortEnterCritical</name>
         <load_address>0x2888</load_address>
         <run_address>0x2888</run_address>
         <size>0x1c</size>
         <input_file_ref idref="fl-16"/>
      </object_component>
      <object_component id="oc-472">
         <name>.text:prvIsQueueEmpty</name>
         <load_address>0x28a4</load_address>
         <run_address>0x28a4</run_address>
         <size>0x1a</size>
         <input_file_ref idref="fl-13"/>
      </object_component>
      <object_component id="oc-484">
         <name>.text:pvTaskIncrementMutexHeldCount</name>
         <load_address>0x28c0</load_address>
         <run_address>0x28c0</run_address>
         <size>0x18</size>
         <input_file_ref idref="fl-14"/>
      </object_component>
      <object_component id="oc-13d">
         <name>.text:vListInsertEnd</name>
         <load_address>0x28d8</load_address>
         <run_address>0x28d8</run_address>
         <size>0x18</size>
         <input_file_ref idref="fl-12"/>
      </object_component>
      <object_component id="oc-341">
         <name>.text:vPortExitCritical</name>
         <load_address>0x28f0</load_address>
         <run_address>0x28f0</run_address>
         <size>0x18</size>
         <input_file_ref idref="fl-16"/>
      </object_component>
      <object_component id="oc-434">
         <name>.text:vTaskSetTimeOutState</name>
         <load_address>0x2908</load_address>
         <run_address>0x2908</run_address>
         <size>0x18</size>
         <input_file_ref idref="fl-14"/>
      </object_component>
      <object_component id="oc-3e8">
         <name>.text:vListInitialise</name>
         <load_address>0x2920</load_address>
         <run_address>0x2920</run_address>
         <size>0x16</size>
         <input_file_ref idref="fl-12"/>
      </object_component>
      <object_component id="oc-457">
         <name>.text:prvTimerTask</name>
         <load_address>0x2936</load_address>
         <run_address>0x2936</run_address>
         <size>0x14</size>
         <input_file_ref idref="fl-15"/>
      </object_component>
      <object_component id="oc-45e">
         <name>.text:vPortSetupTimerInterrupt</name>
         <load_address>0x294c</load_address>
         <run_address>0x294c</run_address>
         <size>0x14</size>
         <input_file_ref idref="fl-16"/>
      </object_component>
      <object_component id="oc-30f">
         <name>.text:GPIOPinTypeEthernetLED</name>
         <load_address>0x2960</load_address>
         <run_address>0x2960</run_address>
         <size>0x12</size>
         <input_file_ref idref="fl-ed"/>
      </object_component>
      <object_component id="oc-315">
         <name>.text:GPIOPinTypeLCD</name>
         <load_address>0x2972</load_address>
         <run_address>0x2972</run_address>
         <size>0x12</size>
         <input_file_ref idref="fl-ed"/>
      </object_component>
      <object_component id="oc-504">
         <name>.text:prvDeleteTCB</name>
         <load_address>0x2984</load_address>
         <run_address>0x2984</run_address>
         <size>0x12</size>
         <input_file_ref idref="fl-14"/>
      </object_component>
      <object_component id="oc-407">
         <name>.text:prvTaskExitError</name>
         <load_address>0x2996</load_address>
         <run_address>0x2996</run_address>
         <size>0x10</size>
         <input_file_ref idref="fl-16"/>
      </object_component>
      <object_component id="oc-3cb">
         <name>.text:vTaskSuspendAll</name>
         <load_address>0x29a8</load_address>
         <run_address>0x29a8</run_address>
         <size>0x10</size>
         <input_file_ref idref="fl-14"/>
      </object_component>
      <object_component id="oc-18">
         <name>.text:decompress:none:__TI_decompress_none</name>
         <load_address>0x29b8</load_address>
         <run_address>0x29b8</run_address>
         <size>0xe</size>
         <input_file_ref idref="fl-dc"/>
      </object_component>
      <object_component id="oc-73">
         <name>.text:decompress:ZI:__TI_zero_init</name>
         <load_address>0x29c6</load_address>
         <run_address>0x29c6</run_address>
         <size>0xc</size>
         <input_file_ref idref="fl-db"/>
      </object_component>
      <object_component id="oc-37b">
         <name>.text:prvIdleTask</name>
         <load_address>0x29d2</load_address>
         <run_address>0x29d2</run_address>
         <size>0xc</size>
         <input_file_ref idref="fl-14"/>
      </object_component>
      <object_component id="oc-51d">
         <name>.text:uxTaskGetNumberOfTasks</name>
         <load_address>0x29e0</load_address>
         <run_address>0x29e0</run_address>
         <size>0xc</size>
         <input_file_ref idref="fl-14"/>
      </object_component>
      <object_component id="oc-4db">
         <name>.text:vTaskMissedYield</name>
         <load_address>0x29ec</load_address>
         <run_address>0x29ec</run_address>
         <size>0xc</size>
         <input_file_ref idref="fl-14"/>
      </object_component>
      <object_component id="oc-254">
         <name>.text:xTaskGetTickCount</name>
         <load_address>0x29f8</load_address>
         <run_address>0x29f8</run_address>
         <size>0xc</size>
         <input_file_ref idref="fl-14"/>
      </object_component>
      <object_component id="oc-bf">
         <name>.text:EMACPowerManagementStatusGet</name>
         <load_address>0x2a04</load_address>
         <run_address>0x2a04</run_address>
         <size>0x8</size>
         <input_file_ref idref="fl-ec"/>
      </object_component>
      <object_component id="oc-c5">
         <name>.text:EMACTimestampIntStatus</name>
         <load_address>0x2a0c</load_address>
         <run_address>0x2a0c</run_address>
         <size>0x6</size>
         <input_file_ref idref="fl-ec"/>
      </object_component>
      <object_component id="oc-24">
         <name>.text:ResetISR</name>
         <load_address>0x2a12</load_address>
         <run_address>0x2a12</run_address>
         <size>0x6</size>
         <input_file_ref idref="fl-c"/>
      </object_component>
      <object_component id="oc-31c">
         <name>.text:UARTClockSourceSet</name>
         <load_address>0x2a18</load_address>
         <run_address>0x2a18</run_address>
         <size>0x6</size>
         <input_file_ref idref="fl-f3"/>
      </object_component>
      <object_component id="oc-34e">
         <name>.text:vListInitialiseItem</name>
         <load_address>0x2a1e</load_address>
         <run_address>0x2a1e</run_address>
         <size>0x6</size>
         <input_file_ref idref="fl-12"/>
      </object_component>
      <object_component id="oc-104">
         <name>.text:_system_pre_init</name>
         <load_address>0x2a24</load_address>
         <run_address>0x2a24</run_address>
         <size>0x4</size>
         <input_file_ref idref="fl-e7"/>
      </object_component>
      <object_component id="oc-27d">
         <name>.text:abort:abort</name>
         <load_address>0x2a28</load_address>
         <run_address>0x2a28</run_address>
         <size>0x4</size>
         <input_file_ref idref="fl-e9"/>
      </object_component>
      <object_component id="oc-147">
         <name>.const:g_pi32TouchParameters</name>
         <load_address>0x2a2c</load_address>
         <run_address>0x2a2c</run_address>
         <size>0x1c</size>
         <input_file_ref idref="fl-10"/>
      </object_component>
      <object_component id="oc-9a">
         <name>.const</name>
         <load_address>0x2a48</load_address>
         <run_address>0x2a48</run_address>
         <size>0x4</size>
         <input_file_ref idref="fl-16"/>
      </object_component>
      <object_component id="oc-5f4">
         <name>.cinit..data.load</name>
         <load_address>0x2a50</load_address>
         <run_address>0x2a50</run_address>
         <size>0x25</size>
      </object_component>
      <object_component id="oc-5f2">
         <name>__TI_handler_table</name>
         <load_address>0x2a78</load_address>
         <run_address>0x2a78</run_address>
         <size>0xc</size>
      </object_component>
      <object_component id="oc-5f5">
         <name>.cinit..bss.load</name>
         <load_address>0x2a88</load_address>
         <run_address>0x2a88</run_address>
         <size>0x8</size>
      </object_component>
      <object_component id="oc-5f3">
         <name>__TI_cinit_table</name>
         <load_address>0x2a90</load_address>
         <run_address>0x2a90</run_address>
         <size>0x10</size>
      </object_component>
      <object_component id="oc-535">
         <name>.data</name>
         <load_address>0x200064c0</load_address>
         <run_address>0x200064c0</run_address>
         <size>0x10</size>
         <input_file_ref idref="fl-6"/>
      </object_component>
      <object_component id="oc-14a">
         <name>.data</name>
         <load_address>0x200064e4</load_address>
         <run_address>0x200064e4</run_address>
         <size>0x4</size>
         <input_file_ref idref="fl-10"/>
      </object_component>
      <object_component id="oc-97">
         <name>.data</name>
         <load_address>0x20006478</load_address>
         <run_address>0x20006478</run_address>
         <size>0x30</size>
         <input_file_ref idref="fl-14"/>
      </object_component>
      <object_component id="oc-363">
         <name>.data</name>
         <load_address>0x200064d8</load_address>
         <run_address>0x200064d8</run_address>
         <size>0x8</size>
         <input_file_ref idref="fl-15"/>
      </object_component>
      <object_component id="oc-40e">
         <name>.data</name>
         <load_address>0x200064e0</load_address>
         <run_address>0x200064e0</run_address>
         <size>0x4</size>
         <input_file_ref idref="fl-16"/>
      </object_component>
      <object_component id="oc-3dd">
         <name>.data</name>
         <load_address>0x200064d0</load_address>
         <run_address>0x200064d0</run_address>
         <size>0x8</size>
         <input_file_ref idref="fl-18"/>
      </object_component>
      <object_component id="oc-587">
         <name>.data</name>
         <load_address>0x200064a8</load_address>
         <run_address>0x200064a8</run_address>
         <size>0x18</size>
         <input_file_ref idref="fl-1b"/>
      </object_component>
      <object_component id="oc-57b">
         <name>.bss</name>
         <uninitialized>true</uninitialized>
         <run_address>0x20005404</run_address>
         <size>0xc</size>
         <input_file_ref idref="fl-3"/>
      </object_component>
      <object_component id="oc-53b">
         <name>.bss</name>
         <uninitialized>true</uninitialized>
         <run_address>0x2000542c</run_address>
         <size>0x8</size>
         <input_file_ref idref="fl-6"/>
      </object_component>
      <object_component id="oc-538">
         <name>.bss:g_pcTimeString</name>
         <uninitialized>true</uninitialized>
         <run_address>0x20005410</run_address>
         <size>0xc</size>
         <input_file_ref idref="fl-6"/>
      </object_component>
      <object_component id="oc-53e">
         <name>.bss:g_pcTaskString</name>
         <uninitialized>true</uninitialized>
         <run_address>0x2000545c</run_address>
         <size>0x4</size>
         <input_file_ref idref="fl-6"/>
      </object_component>
      <object_component id="oc-597">
         <name>.bss:g_pcIPString</name>
         <uninitialized>true</uninitialized>
         <run_address>0x20005350</run_address>
         <size>0x18</size>
         <input_file_ref idref="fl-6"/>
      </object_component>
      <object_component id="oc-542">
         <name>.bss:g_pcTxString</name>
         <uninitialized>true</uninitialized>
         <run_address>0x20005424</run_address>
         <size>0x8</size>
         <input_file_ref idref="fl-6"/>
      </object_component>
      <object_component id="oc-545">
         <name>.bss:g_pcRxString</name>
         <uninitialized>true</uninitialized>
         <run_address>0x2000541c</run_address>
         <size>0x8</size>
         <input_file_ref idref="fl-6"/>
      </object_component>
      <object_component id="oc-b1">
         <name>.bss</name>
         <uninitialized>true</uninitialized>
         <run_address>0x20005444</run_address>
         <size>0x8</size>
         <input_file_ref idref="fl-10"/>
      </object_component>
      <object_component id="oc-14d">
         <name>.bss:g_pi16Samples</name>
         <uninitialized>true</uninitialized>
         <run_address>0x200053f4</run_address>
         <size>0x10</size>
         <input_file_ref idref="fl-10"/>
      </object_component>
      <object_component id="oc-12d">
         <name>.bss:pxReadyTasksLists</name>
         <uninitialized>true</uninitialized>
         <run_address>0x20005130</run_address>
         <size>0x140</size>
         <input_file_ref idref="fl-14"/>
      </object_component>
      <object_component id="oc-412">
         <name>.bss:xDelayedTaskList1</name>
         <uninitialized>true</uninitialized>
         <run_address>0x20005390</run_address>
         <size>0x14</size>
         <input_file_ref idref="fl-14"/>
      </object_component>
      <object_component id="oc-415">
         <name>.bss:xDelayedTaskList2</name>
         <uninitialized>true</uninitialized>
         <run_address>0x200053a4</run_address>
         <size>0x14</size>
         <input_file_ref idref="fl-14"/>
      </object_component>
      <object_component id="oc-143">
         <name>.bss</name>
         <uninitialized>true</uninitialized>
         <run_address>0x20005434</run_address>
         <size>0x8</size>
         <input_file_ref idref="fl-14"/>
      </object_component>
      <object_component id="oc-2ef">
         <name>.bss:xPendingReadyList</name>
         <uninitialized>true</uninitialized>
         <run_address>0x200053b8</run_address>
         <size>0x14</size>
         <input_file_ref idref="fl-14"/>
      </object_component>
      <object_component id="oc-418">
         <name>.bss:xTasksWaitingTermination</name>
         <uninitialized>true</uninitialized>
         <run_address>0x200053e0</run_address>
         <size>0x14</size>
         <input_file_ref idref="fl-14"/>
      </object_component>
      <object_component id="oc-41b">
         <name>.bss:xSuspendedTaskList</name>
         <uninitialized>true</uninitialized>
         <run_address>0x200053cc</run_address>
         <size>0x14</size>
         <input_file_ref idref="fl-14"/>
      </object_component>
      <object_component id="oc-426">
         <name>.bss:xActiveTimerList1</name>
         <uninitialized>true</uninitialized>
         <run_address>0x20005368</run_address>
         <size>0x14</size>
         <input_file_ref idref="fl-15"/>
      </object_component>
      <object_component id="oc-429">
         <name>.bss:xActiveTimerList2</name>
         <uninitialized>true</uninitialized>
         <run_address>0x2000537c</run_address>
         <size>0x14</size>
         <input_file_ref idref="fl-15"/>
      </object_component>
      <object_component id="oc-42c">
         <name>.bss</name>
         <uninitialized>true</uninitialized>
         <run_address>0x2000543c</run_address>
         <size>0x8</size>
         <input_file_ref idref="fl-15"/>
      </object_component>
      <object_component id="oc-4ad">
         <name>.bss:ucHeap</name>
         <uninitialized>true</uninitialized>
         <run_address>0x20000000</run_address>
         <size>0x4f10</size>
         <input_file_ref idref="fl-18"/>
      </object_component>
      <object_component id="oc-3e0">
         <name>.bss:xStart</name>
         <uninitialized>true</uninitialized>
         <run_address>0x20005454</run_address>
         <size>0x8</size>
         <input_file_ref idref="fl-18"/>
      </object_component>
      <object_component id="oc-3e3">
         <name>.bss:xEnd</name>
         <uninitialized>true</uninitialized>
         <run_address>0x2000544c</run_address>
         <size>0x8</size>
         <input_file_ref idref="fl-18"/>
      </object_component>
      <object_component id="oc-d1">
         <name>.bss</name>
         <uninitialized>true</uninitialized>
         <run_address>0x20005270</run_address>
         <size>0x58</size>
         <input_file_ref idref="fl-1b"/>
      </object_component>
      <object_component id="oc-593">
         <name>.bss:g_sNetIF</name>
         <uninitialized>true</uninitialized>
         <run_address>0x20005318</run_address>
         <size>0x38</size>
         <input_file_ref idref="fl-1b"/>
      </object_component>
      <object_component id="oc-266">
         <name>.common:g_ui32SysClock</name>
         <uninitialized>true</uninitialized>
         <run_address>0x20005464</run_address>
         <size>0x4</size>
      </object_component>
      <object_component id="oc-275">
         <name>.common:xSem</name>
         <uninitialized>true</uninitialized>
         <run_address>0x2000546c</run_address>
         <size>0x4</size>
      </object_component>
      <object_component id="oc-276">
         <name>.common:xQueue</name>
         <uninitialized>true</uninitialized>
         <run_address>0x20005468</run_address>
         <size>0x4</size>
      </object_component>
      <object_component id="oc-b7">
         <name>.common:g_i16TouchX</name>
         <uninitialized>true</uninitialized>
         <run_address>0x20005470</run_address>
         <size>0x2</size>
      </object_component>
      <object_component id="oc-b4">
         <name>.common:g_i16TouchY</name>
         <uninitialized>true</uninitialized>
         <run_address>0x20005472</run_address>
         <size>0x2</size>
      </object_component>
      <object_component id="oc-4d1">
         <name>.common:xQueueRegistry</name>
         <uninitialized>true</uninitialized>
         <run_address>0x200052c8</run_address>
         <size>0x50</size>
      </object_component>
      <object_component id="oc-541">
         <name>.common:lwip_stats</name>
         <uninitialized>true</uninitialized>
         <run_address>0x20004f10</run_address>
         <size>0x220</size>
      </object_component>
      <object_component id="oc-d4">
         <name>.common:g_pfnTimerHandler</name>
         <uninitialized>true</uninitialized>
         <run_address>0x20005460</run_address>
         <size>0x4</size>
      </object_component>
      <object_component id="oc-21">
         <name>.stack</name>
         <uninitialized>true</uninitialized>
         <run_address>0x20005478</run_address>
         <size>0x4</size>
         <input_file_ref idref="fl-e4"/>
      </object_component>
      <object_component id="oc-5f6">
         <name>.stack</name>
         <uninitialized>true</uninitialized>
         <run_address>0x20005478</run_address>
         <size>0x0</size>
      </object_component>
      <object_component id="oc-225">
         <name>.debug_info</name>
         <load_address>0x0</load_address>
         <run_address>0x0</run_address>
         <size>0x31b</size>
         <input_file_ref idref="fl-2"/>
      </object_component>
      <object_component id="oc-e4">
         <name>.debug_info</name>
         <load_address>0x31b</load_address>
         <run_address>0x31b</run_address>
         <size>0x26b</size>
         <input_file_ref idref="fl-2"/>
      </object_component>
      <object_component id="oc-dd">
         <name>.debug_info</name>
         <load_address>0x586</load_address>
         <run_address>0x586</run_address>
         <size>0x8b</size>
         <input_file_ref idref="fl-2"/>
      </object_component>
      <object_component id="oc-220">
         <name>.debug_info</name>
         <load_address>0x611</load_address>
         <run_address>0x611</run_address>
         <size>0x297</size>
         <input_file_ref idref="fl-2"/>
      </object_component>
      <object_component id="oc-d8">
         <name>.debug_info</name>
         <load_address>0x8a8</load_address>
         <run_address>0x8a8</run_address>
         <size>0xbb</size>
         <input_file_ref idref="fl-2"/>
      </object_component>
      <object_component id="oc-22d">
         <name>.debug_info</name>
         <load_address>0x963</load_address>
         <run_address>0x963</run_address>
         <size>0x2c</size>
         <input_file_ref idref="fl-2"/>
      </object_component>
      <object_component id="oc-2fd">
         <name>.debug_info</name>
         <load_address>0x98f</load_address>
         <run_address>0x98f</run_address>
         <size>0x35</size>
         <input_file_ref idref="fl-2"/>
      </object_component>
      <object_component id="oc-2d8">
         <name>.debug_info</name>
         <load_address>0x9c4</load_address>
         <run_address>0x9c4</run_address>
         <size>0x80e</size>
         <input_file_ref idref="fl-3"/>
      </object_component>
      <object_component id="oc-57c">
         <name>.debug_info</name>
         <load_address>0x11d2</load_address>
         <run_address>0x11d2</run_address>
         <size>0x140</size>
         <input_file_ref idref="fl-3"/>
      </object_component>
      <object_component id="oc-518">
         <name>.debug_info</name>
         <load_address>0x1312</load_address>
         <run_address>0x1312</run_address>
         <size>0x1cf</size>
         <input_file_ref idref="fl-3"/>
      </object_component>
      <object_component id="oc-50c">
         <name>.debug_info</name>
         <load_address>0x14e1</load_address>
         <run_address>0x14e1</run_address>
         <size>0x19c</size>
         <input_file_ref idref="fl-3"/>
      </object_component>
      <object_component id="oc-512">
         <name>.debug_info</name>
         <load_address>0x167d</load_address>
         <run_address>0x167d</run_address>
         <size>0x19c</size>
         <input_file_ref idref="fl-3"/>
      </object_component>
      <object_component id="oc-18a">
         <name>.debug_info</name>
         <load_address>0x1819</load_address>
         <run_address>0x1819</run_address>
         <size>0x2ef</size>
         <input_file_ref idref="fl-3"/>
      </object_component>
      <object_component id="oc-155">
         <name>.debug_info</name>
         <load_address>0x1b08</load_address>
         <run_address>0x1b08</run_address>
         <size>0x6bd</size>
         <input_file_ref idref="fl-3"/>
      </object_component>
      <object_component id="oc-57f">
         <name>.debug_info</name>
         <load_address>0x21c5</load_address>
         <run_address>0x21c5</run_address>
         <size>0x86</size>
         <input_file_ref idref="fl-3"/>
      </object_component>
      <object_component id="oc-175">
         <name>.debug_info</name>
         <load_address>0x224b</load_address>
         <run_address>0x224b</run_address>
         <size>0x46</size>
         <input_file_ref idref="fl-3"/>
      </object_component>
      <object_component id="oc-384">
         <name>.debug_info</name>
         <load_address>0x2291</load_address>
         <run_address>0x2291</run_address>
         <size>0x2c</size>
         <input_file_ref idref="fl-3"/>
      </object_component>
      <object_component id="oc-18f">
         <name>.debug_info</name>
         <load_address>0x22bd</load_address>
         <run_address>0x22bd</run_address>
         <size>0x2c</size>
         <input_file_ref idref="fl-3"/>
      </object_component>
      <object_component id="oc-21b">
         <name>.debug_info</name>
         <load_address>0x22e9</load_address>
         <run_address>0x22e9</run_address>
         <size>0x53</size>
         <input_file_ref idref="fl-3"/>
      </object_component>
      <object_component id="oc-11f">
         <name>.debug_info</name>
         <load_address>0x233c</load_address>
         <run_address>0x233c</run_address>
         <size>0x53</size>
         <input_file_ref idref="fl-3"/>
      </object_component>
      <object_component id="oc-216">
         <name>.debug_info</name>
         <load_address>0x238f</load_address>
         <run_address>0x238f</run_address>
         <size>0x14c</size>
         <input_file_ref idref="fl-3"/>
      </object_component>
      <object_component id="oc-267">
         <name>.debug_info</name>
         <load_address>0x24db</load_address>
         <run_address>0x24db</run_address>
         <size>0x6d1</size>
         <input_file_ref idref="fl-4"/>
      </object_component>
      <object_component id="oc-128">
         <name>.debug_info</name>
         <load_address>0x2bac</load_address>
         <run_address>0x2bac</run_address>
         <size>0x16e</size>
         <input_file_ref idref="fl-4"/>
      </object_component>
      <object_component id="oc-270">
         <name>.debug_info</name>
         <load_address>0x2d1a</load_address>
         <run_address>0x2d1a</run_address>
         <size>0x1ae</size>
         <input_file_ref idref="fl-4"/>
      </object_component>
      <object_component id="oc-26b">
         <name>.debug_info</name>
         <load_address>0x2ec8</load_address>
         <run_address>0x2ec8</run_address>
         <size>0x1a5</size>
         <input_file_ref idref="fl-4"/>
      </object_component>
      <object_component id="oc-243">
         <name>.debug_info</name>
         <load_address>0x306d</load_address>
         <run_address>0x306d</run_address>
         <size>0x174</size>
         <input_file_ref idref="fl-4"/>
      </object_component>
      <object_component id="oc-10c">
         <name>.debug_info</name>
         <load_address>0x31e1</load_address>
         <run_address>0x31e1</run_address>
         <size>0x274</size>
         <input_file_ref idref="fl-4"/>
      </object_component>
      <object_component id="oc-5c">
         <name>.debug_info</name>
         <load_address>0x3455</load_address>
         <run_address>0x3455</run_address>
         <size>0x84</size>
         <input_file_ref idref="fl-4"/>
      </object_component>
      <object_component id="oc-278">
         <name>.debug_info</name>
         <load_address>0x34d9</load_address>
         <run_address>0x34d9</run_address>
         <size>0x46</size>
         <input_file_ref idref="fl-4"/>
      </object_component>
      <object_component id="oc-2fa">
         <name>.debug_info</name>
         <load_address>0x351f</load_address>
         <run_address>0x351f</run_address>
         <size>0x76e</size>
         <input_file_ref idref="fl-5"/>
      </object_component>
      <object_component id="oc-1ad">
         <name>.debug_info</name>
         <load_address>0x3c8d</load_address>
         <run_address>0x3c8d</run_address>
         <size>0x12f</size>
         <input_file_ref idref="fl-5"/>
      </object_component>
      <object_component id="oc-1a8">
         <name>.debug_info</name>
         <load_address>0x3dbc</load_address>
         <run_address>0x3dbc</run_address>
         <size>0x99</size>
         <input_file_ref idref="fl-5"/>
      </object_component>
      <object_component id="oc-1b2">
         <name>.debug_info</name>
         <load_address>0x3e55</load_address>
         <run_address>0x3e55</run_address>
         <size>0xc4</size>
         <input_file_ref idref="fl-5"/>
      </object_component>
      <object_component id="oc-1bc">
         <name>.debug_info</name>
         <load_address>0x3f19</load_address>
         <run_address>0x3f19</run_address>
         <size>0x2c</size>
         <input_file_ref idref="fl-5"/>
      </object_component>
      <object_component id="oc-1c1">
         <name>.debug_info</name>
         <load_address>0x3f45</load_address>
         <run_address>0x3f45</run_address>
         <size>0x8a</size>
         <input_file_ref idref="fl-5"/>
      </object_component>
      <object_component id="oc-1cb">
         <name>.debug_info</name>
         <load_address>0x3fcf</load_address>
         <run_address>0x3fcf</run_address>
         <size>0x651</size>
         <input_file_ref idref="fl-5"/>
      </object_component>
      <object_component id="oc-1d0">
         <name>.debug_info</name>
         <load_address>0x4620</load_address>
         <run_address>0x4620</run_address>
         <size>0x174</size>
         <input_file_ref idref="fl-5"/>
      </object_component>
      <object_component id="oc-3bc">
         <name>.debug_info</name>
         <load_address>0x4794</load_address>
         <run_address>0x4794</run_address>
         <size>0x1cd</size>
         <input_file_ref idref="fl-5"/>
      </object_component>
      <object_component id="oc-1d5">
         <name>.debug_info</name>
         <load_address>0x4961</load_address>
         <run_address>0x4961</run_address>
         <size>0x2c</size>
         <input_file_ref idref="fl-5"/>
      </object_component>
      <object_component id="oc-183">
         <name>.debug_info</name>
         <load_address>0x498d</load_address>
         <run_address>0x498d</run_address>
         <size>0x87</size>
         <input_file_ref idref="fl-5"/>
      </object_component>
      <object_component id="oc-1c6">
         <name>.debug_info</name>
         <load_address>0x4a14</load_address>
         <run_address>0x4a14</run_address>
         <size>0x2c</size>
         <input_file_ref idref="fl-5"/>
      </object_component>
      <object_component id="oc-1df">
         <name>.debug_info</name>
         <load_address>0x4a40</load_address>
         <run_address>0x4a40</run_address>
         <size>0x2c</size>
         <input_file_ref idref="fl-5"/>
      </object_component>
      <object_component id="oc-3c1">
         <name>.debug_info</name>
         <load_address>0x4a6c</load_address>
         <run_address>0x4a6c</run_address>
         <size>0x91</size>
         <input_file_ref idref="fl-5"/>
      </object_component>
      <object_component id="oc-3c6">
         <name>.debug_info</name>
         <load_address>0x4afd</load_address>
         <run_address>0x4afd</run_address>
         <size>0x91</size>
         <input_file_ref idref="fl-5"/>
      </object_component>
      <object_component id="oc-1f8">
         <name>.debug_info</name>
         <load_address>0x4b8e</load_address>
         <run_address>0x4b8e</run_address>
         <size>0xf5</size>
         <input_file_ref idref="fl-5"/>
      </object_component>
      <object_component id="oc-199">
         <name>.debug_info</name>
         <load_address>0x4c83</load_address>
         <run_address>0x4c83</run_address>
         <size>0x9f</size>
         <input_file_ref idref="fl-5"/>
      </object_component>
      <object_component id="oc-1fd">
         <name>.debug_info</name>
         <load_address>0x4d22</load_address>
         <run_address>0x4d22</run_address>
         <size>0x167</size>
         <input_file_ref idref="fl-5"/>
      </object_component>
      <object_component id="oc-19e">
         <name>.debug_info</name>
         <load_address>0x4e89</load_address>
         <run_address>0x4e89</run_address>
         <size>0x412</size>
         <input_file_ref idref="fl-5"/>
      </object_component>
      <object_component id="oc-1a3">
         <name>.debug_info</name>
         <load_address>0x529b</load_address>
         <run_address>0x529b</run_address>
         <size>0x17e</size>
         <input_file_ref idref="fl-5"/>
      </object_component>
      <object_component id="oc-59b">
         <name>.debug_info</name>
         <load_address>0x5419</load_address>
         <run_address>0x5419</run_address>
         <size>0x6a7</size>
         <input_file_ref idref="fl-6"/>
      </object_component>
      <object_component id="oc-53c">
         <name>.debug_info</name>
         <load_address>0x5ac0</load_address>
         <run_address>0x5ac0</run_address>
         <size>0x113</size>
         <input_file_ref idref="fl-6"/>
      </object_component>
      <object_component id="oc-536">
         <name>.debug_info</name>
         <load_address>0x5bd3</load_address>
         <run_address>0x5bd3</run_address>
         <size>0x16b</size>
         <input_file_ref idref="fl-6"/>
      </object_component>
      <object_component id="oc-539">
         <name>.debug_info</name>
         <load_address>0x5d3e</load_address>
         <run_address>0x5d3e</run_address>
         <size>0xe3</size>
         <input_file_ref idref="fl-6"/>
      </object_component>
      <object_component id="oc-53f">
         <name>.debug_info</name>
         <load_address>0x5e21</load_address>
         <run_address>0x5e21</run_address>
         <size>0xe3</size>
         <input_file_ref idref="fl-6"/>
      </object_component>
      <object_component id="oc-598">
         <name>.debug_info</name>
         <load_address>0x5f04</load_address>
         <run_address>0x5f04</run_address>
         <size>0xdf</size>
         <input_file_ref idref="fl-6"/>
      </object_component>
      <object_component id="oc-543">
         <name>.debug_info</name>
         <load_address>0x5fe3</load_address>
         <run_address>0x5fe3</run_address>
         <size>0xdf</size>
         <input_file_ref idref="fl-6"/>
      </object_component>
      <object_component id="oc-546">
         <name>.debug_info</name>
         <load_address>0x60c2</load_address>
         <run_address>0x60c2</run_address>
         <size>0xdf</size>
         <input_file_ref idref="fl-6"/>
      </object_component>
      <object_component id="oc-52a">
         <name>.debug_info</name>
         <load_address>0x61a1</load_address>
         <run_address>0x61a1</run_address>
         <size>0x196</size>
         <input_file_ref idref="fl-6"/>
      </object_component>
      <object_component id="oc-530">
         <name>.debug_info</name>
         <load_address>0x6337</load_address>
         <run_address>0x6337</run_address>
         <size>0x1dc</size>
         <input_file_ref idref="fl-6"/>
      </object_component>
      <object_component id="oc-46c">
         <name>.debug_info</name>
         <load_address>0x6513</load_address>
         <run_address>0x6513</run_address>
         <size>0x36c</size>
         <input_file_ref idref="fl-6"/>
      </object_component>
      <object_component id="oc-2da">
         <name>.debug_info</name>
         <load_address>0x687f</load_address>
         <run_address>0x687f</run_address>
         <size>0xcfa</size>
         <input_file_ref idref="fl-b"/>
      </object_component>
      <object_component id="oc-15a">
         <name>.debug_info</name>
         <load_address>0x7579</load_address>
         <run_address>0x7579</run_address>
         <size>0xc6</size>
         <input_file_ref idref="fl-b"/>
      </object_component>
      <object_component id="oc-55">
         <name>.debug_info</name>
         <load_address>0x763f</load_address>
         <run_address>0x763f</run_address>
         <size>0x389</size>
         <input_file_ref idref="fl-c"/>
      </object_component>
      <object_component id="oc-10">
         <name>.debug_info</name>
         <load_address>0x79c8</load_address>
         <run_address>0x79c8</run_address>
         <size>0xe2</size>
         <input_file_ref idref="fl-c"/>
      </object_component>
      <object_component id="oc-26">
         <name>.debug_info</name>
         <load_address>0x7aaa</load_address>
         <run_address>0x7aaa</run_address>
         <size>0x112</size>
         <input_file_ref idref="fl-c"/>
      </object_component>
      <object_component id="oc-2c">
         <name>.debug_info</name>
         <load_address>0x7bbc</load_address>
         <run_address>0x7bbc</run_address>
         <size>0x100</size>
         <input_file_ref idref="fl-c"/>
      </object_component>
      <object_component id="oc-39">
         <name>.debug_info</name>
         <load_address>0x7cbc</load_address>
         <run_address>0x7cbc</run_address>
         <size>0x11b</size>
         <input_file_ref idref="fl-c"/>
      </object_component>
      <object_component id="oc-33">
         <name>.debug_info</name>
         <load_address>0x7dd7</load_address>
         <run_address>0x7dd7</run_address>
         <size>0x107</size>
         <input_file_ref idref="fl-c"/>
      </object_component>
      <object_component id="oc-23e">
         <name>.debug_info</name>
         <load_address>0x7ede</load_address>
         <run_address>0x7ede</run_address>
         <size>0x4a9</size>
         <input_file_ref idref="fl-f"/>
      </object_component>
      <object_component id="oc-b5">
         <name>.debug_info</name>
         <load_address>0x8387</load_address>
         <run_address>0x8387</run_address>
         <size>0x5ca</size>
         <input_file_ref idref="fl-10"/>
      </object_component>
      <object_component id="oc-148">
         <name>.debug_info</name>
         <load_address>0x8951</load_address>
         <run_address>0x8951</run_address>
         <size>0x131</size>
         <input_file_ref idref="fl-10"/>
      </object_component>
      <object_component id="oc-b2">
         <name>.debug_info</name>
         <load_address>0x8a82</load_address>
         <run_address>0x8a82</run_address>
         <size>0x14c</size>
         <input_file_ref idref="fl-10"/>
      </object_component>
      <object_component id="oc-14b">
         <name>.debug_info</name>
         <load_address>0x8bce</load_address>
         <run_address>0x8bce</run_address>
         <size>0x167</size>
         <input_file_ref idref="fl-10"/>
      </object_component>
      <object_component id="oc-14e">
         <name>.debug_info</name>
         <load_address>0x8d35</load_address>
         <run_address>0x8d35</run_address>
         <size>0x120</size>
         <input_file_ref idref="fl-10"/>
      </object_component>
      <object_component id="oc-ac">
         <name>.debug_info</name>
         <load_address>0x8e55</load_address>
         <run_address>0x8e55</run_address>
         <size>0x24d</size>
         <input_file_ref idref="fl-10"/>
      </object_component>
      <object_component id="oc-48">
         <name>.debug_info</name>
         <load_address>0x90a2</load_address>
         <run_address>0x90a2</run_address>
         <size>0x201</size>
         <input_file_ref idref="fl-10"/>
      </object_component>
      <object_component id="oc-2ce">
         <name>.debug_info</name>
         <load_address>0x92a3</load_address>
         <run_address>0x92a3</run_address>
         <size>0x300</size>
         <input_file_ref idref="fl-12"/>
      </object_component>
      <object_component id="oc-13e">
         <name>.debug_info</name>
         <load_address>0x95a3</load_address>
         <run_address>0x95a3</run_address>
         <size>0x241</size>
         <input_file_ref idref="fl-12"/>
      </object_component>
      <object_component id="oc-4e5">
         <name>.debug_info</name>
         <load_address>0x97e4</load_address>
         <run_address>0x97e4</run_address>
         <size>0x26c</size>
         <input_file_ref idref="fl-12"/>
      </object_component>
      <object_component id="oc-34f">
         <name>.debug_info</name>
         <load_address>0x9a50</load_address>
         <run_address>0x9a50</run_address>
         <size>0x1ee</size>
         <input_file_ref idref="fl-12"/>
      </object_component>
      <object_component id="oc-3e9">
         <name>.debug_info</name>
         <load_address>0x9c3e</load_address>
         <run_address>0x9c3e</run_address>
         <size>0x1e6</size>
         <input_file_ref idref="fl-12"/>
      </object_component>
      <object_component id="oc-138">
         <name>.debug_info</name>
         <load_address>0x9e24</load_address>
         <run_address>0x9e24</run_address>
         <size>0x219</size>
         <input_file_ref idref="fl-12"/>
      </object_component>
      <object_component id="oc-2c2">
         <name>.debug_info</name>
         <load_address>0xa03d</load_address>
         <run_address>0xa03d</run_address>
         <size>0x110</size>
         <input_file_ref idref="fl-12"/>
      </object_component>
      <object_component id="oc-17a">
         <name>.debug_info</name>
         <load_address>0xa14d</load_address>
         <run_address>0xa14d</run_address>
         <size>0x7ec</size>
         <input_file_ref idref="fl-13"/>
      </object_component>
      <object_component id="oc-441">
         <name>.debug_info</name>
         <load_address>0xa939</load_address>
         <run_address>0xa939</run_address>
         <size>0x2bb</size>
         <input_file_ref idref="fl-13"/>
      </object_component>
      <object_component id="oc-473">
         <name>.debug_info</name>
         <load_address>0xabf4</load_address>
         <run_address>0xabf4</run_address>
         <size>0x23b</size>
         <input_file_ref idref="fl-13"/>
      </object_component>
      <object_component id="oc-47f">
         <name>.debug_info</name>
         <load_address>0xae2f</load_address>
         <run_address>0xae2f</run_address>
         <size>0x238</size>
         <input_file_ref idref="fl-13"/>
      </object_component>
      <object_component id="oc-38a">
         <name>.debug_info</name>
         <load_address>0xb067</load_address>
         <run_address>0xb067</run_address>
         <size>0x564</size>
         <input_file_ref idref="fl-13"/>
      </object_component>
      <object_component id="oc-447">
         <name>.debug_info</name>
         <load_address>0xb5cb</load_address>
         <run_address>0xb5cb</run_address>
         <size>0x239</size>
         <input_file_ref idref="fl-13"/>
      </object_component>
      <object_component id="oc-169">
         <name>.debug_info</name>
         <load_address>0xb804</load_address>
         <run_address>0xb804</run_address>
         <size>0x2a1</size>
         <input_file_ref idref="fl-13"/>
      </object_component>
      <object_component id="oc-35e">
         <name>.debug_info</name>
         <load_address>0xbaa5</load_address>
         <run_address>0xbaa5</run_address>
         <size>0x4d4</size>
         <input_file_ref idref="fl-13"/>
      </object_component>
      <object_component id="oc-cc">
         <name>.debug_info</name>
         <load_address>0xbf79</load_address>
         <run_address>0xbf79</run_address>
         <size>0x367</size>
         <input_file_ref idref="fl-13"/>
      </object_component>
      <object_component id="oc-309">
         <name>.debug_info</name>
         <load_address>0xc2e0</load_address>
         <run_address>0xc2e0</run_address>
         <size>0x2bf</size>
         <input_file_ref idref="fl-13"/>
      </object_component>
      <object_component id="oc-237">
         <name>.debug_info</name>
         <load_address>0xc59f</load_address>
         <run_address>0xc59f</run_address>
         <size>0x31d</size>
         <input_file_ref idref="fl-13"/>
      </object_component>
      <object_component id="oc-56d">
         <name>.debug_info</name>
         <load_address>0xc8bc</load_address>
         <run_address>0xc8bc</run_address>
         <size>0x310</size>
         <input_file_ref idref="fl-13"/>
      </object_component>
      <object_component id="oc-421">
         <name>.debug_info</name>
         <load_address>0xcbcc</load_address>
         <run_address>0xcbcc</run_address>
         <size>0x238</size>
         <input_file_ref idref="fl-13"/>
      </object_component>
      <object_component id="oc-2f5">
         <name>.debug_info</name>
[...]
            </allocated_space>
            <allocated_space>
               <start_address>0x20006478</start_address>
               <size>0x70</size>
               <logical_group_ref idref="lg-a"/>
            </allocated_space>
            <available_space>
               <start_address>0x200064e8</start_address>
               <size>0x39b18</size>
            </available_space>
         </usage_details>
      </memory_area>
   </placement_map>
   <cptbl_list>
      <cptbl>
         <name>__TI_cinit_table</name>
         <cprec>
            <name>.data</name>
            <load_address>0x2a50</load_address>
            <load_size>0x25</load_size>
            <run_address>0x20006478</run_address>
            <run_size>0x70</run_size>
            <compression>lzss</compression>
         </cprec>
         <cprec>
            <name>.bss</name>
            <load_address>0x2a88</load_address>
            <load_size>0x8</load_size>
            <run_address>0x20000000</run_address>
            <run_size>0x5474</run_size>
            <compression>zero_init</compression>
         </cprec>
      </cptbl>
   </cptbl_list>
   <handler_table>
      <handler_table_name>__TI_handler_table</handler_table_name>
      <handler>
         <index>0x0</index>
         <name>__TI_decompress_lzss</name>
      </handler>
      <handler>
         <index>0x1</index>
         <name>__TI_decompress_none</name>
      </handler>
      <handler>
         <index>0x2</index>
         <name>__TI_zero_init</name>
      </handler>
   </handler_table>
   <symbol_table>
      <symbol id="sm-1">
         <name>__STACK_TOP</name>
         <value>0x20006478</value>
      </symbol>
      <symbol id="sm-2">
         <name>__TI_CINIT_Base</name>
         <value>0x2a90</value>
      </symbol>
      <symbol id="sm-3">
         <name>__TI_CINIT_Limit</name>
         <value>0x2aa0</value>
      </symbol>
      <symbol id="sm-4">
         <name>__TI_Handler_Table_Base</name>
         <value>0x2a78</value>
      </symbol>
      <symbol id="sm-5">
         <name>__TI_Handler_Table_Limit</name>
         <value>0x2a84</value>
      </symbol>
      <symbol id="sm-6">
         <name>binit</name>
         <value>0xffffffff</value>
      </symbol>
      <symbol id="sm-7">
         <name>__binit__</name>
         <value>0xffffffff</value>
      </symbol>
      <symbol id="sm-8">
         <name>__STACK_SIZE</name>
         <value>0x1000</value>
      </symbol>
      <symbol id="sm-9">
         <name>__STACK_END</name>
         <value>0x20006478</value>
      </symbol>
      <symbol id="sm-a">
         <name>__c_args__</name>
         <value>0xffffffff</value>
      </symbol>
      <symbol id="sm-b">
         <name>__TI_pprof_out_hndl</name>
         <value>0xffffffff</value>
      </symbol>
      <symbol id="sm-c">
         <name>__TI_prof_data_start</name>
         <value>0xffffffff</value>
      </symbol>
      <symbol id="sm-d">
         <name>__TI_prof_data_size</name>
         <value>0xffffffff</value>
      </symbol>
      <symbol id="sm-9d">
         <name>DisplayString</name>
         <value>0x2631</value>
         <object_component_ref idref="oc-517"/>
      </symbol>
      <symbol id="sm-9e">
         <name>DisplayMove</name>
         <value>0x2709</value>
         <object_component_ref idref="oc-50b"/>
      </symbol>
      <symbol id="sm-9f">
         <name>DisplayDraw</name>
         <value>0x26e1</value>
         <object_component_ref idref="oc-511"/>
      </symbol>
      <symbol id="sm-101">
         <name>g_ui32SysClock</name>
         <value>0x20005464</value>
      </symbol>
      <symbol id="sm-102">
         <name>xSem</name>
         <value>0x2000546c</value>
      </symbol>
      <symbol id="sm-103">
         <name>xQueue</name>
         <value>0x20005468</value>
      </symbol>
      <symbol id="sm-104">
         <name>vApplicationStackOverflowHook</name>
         <value>0x1c8f</value>
         <object_component_ref idref="oc-127"/>
      </symbol>
      <symbol id="sm-105">
         <name>main</name>
         <value>0xc25</value>
         <object_component_ref idref="oc-10a"/>
      </symbol>
      <symbol id="sm-106">
         <name>ConfigureUART</name>
         <value>0x1ea1</value>
         <object_component_ref idref="oc-242"/>
      </symbol>
      <symbol id="sm-1ec">
         <name>vApplicationIdleHook</name>
         <value>0x6b9</value>
         <object_component_ref idref="oc-46b"/>
      </symbol>
      <symbol id="sm-22b">
         <name>ResetISR</name>
         <value>0x2a13</value>
         <object_component_ref idref="oc-24"/>
      </symbol>
      <symbol id="sm-22c">
         <name>g_pfnVectors</name>
         <value>0x0</value>
         <object_component_ref idref="oc-f"/>
      </symbol>
      <symbol id="sm-265">
         <name>PinoutSet</name>
         <value>0x201</value>
         <object_component_ref idref="oc-23c"/>
      </symbol>
      <symbol id="sm-2bf">
         <name>g_i16TouchX</name>
         <value>0x20005470</value>
      </symbol>
      <symbol id="sm-2c0">
         <name>g_i16TouchY</name>
         <value>0x20005472</value>
      </symbol>
      <symbol id="sm-2c1">
         <name>g_pi32TouchParameters</name>
         <value>0x2a2c</value>
         <object_component_ref idref="oc-147"/>
      </symbol>
      <symbol id="sm-2c2">
         <name>g_i16TouchMin</name>
         <value>0x200064e4</value>
         <object_component_ref idref="oc-14a"/>
      </symbol>
      <symbol id="sm-2c3">
         <name>TouchScreenIntHandler</name>
         <value>0xd79</value>
         <object_component_ref idref="oc-47"/>
      </symbol>
      <symbol id="sm-2f9">
         <name>uxListRemove</name>
         <value>0x27f1</value>
         <object_component_ref idref="oc-137"/>
      </symbol>
      <symbol id="sm-2fa">
         <name>vListInsert</name>
         <value>0x2599</value>
         <object_component_ref idref="oc-4e3"/>
      </symbol>
      <symbol id="sm-2fb">
         <name>vListInitialiseItem</name>
         <value>0x2a1f</value>
         <object_component_ref idref="oc-34e"/>
      </symbol>
      <symbol id="sm-2fc">
         <name>vListInsertEnd</name>
         <value>0x28d9</value>
         <object_component_ref idref="oc-13d"/>
      </symbol>
      <symbol id="sm-2fd">
         <name>vListInitialise</name>
         <value>0x2921</value>
         <object_component_ref idref="oc-3e8"/>
      </symbol>
      <symbol id="sm-3a6">
         <name>xQueueRegistry</name>
         <value>0x200052c8</value>
      </symbol>
      <symbol id="sm-3a7">
         <name>xQueueGenericSendFromISR</name>
         <value>0x20e9</value>
         <object_component_ref idref="oc-cb"/>
      </symbol>
      <symbol id="sm-3a8">
         <name>vQueueAddToRegistry</name>
         <value>0x2811</value>
         <object_component_ref idref="oc-420"/>
      </symbol>
      <symbol id="sm-3a9">
         <name>xQueueGenericCreate</name>
         <value>0x24b1</value>
         <object_component_ref idref="oc-236"/>
      </symbol>
      <symbol id="sm-3aa">
         <name>xQueueGenericSend</name>
         <value>0x1309</value>
         <object_component_ref idref="oc-35d"/>
      </symbol>
      <symbol id="sm-3ab">
         <name>xQueueGenericReset</name>
         <value>0x1a31</value>
         <object_component_ref idref="oc-308"/>
      </symbol>
      <symbol id="sm-3ac">
         <name>xQueueGenericReceive</name>
         <value>0xfed</value>
         <object_component_ref idref="oc-389"/>
      </symbol>
      <symbol id="sm-3ad">
         <name>vQueueWaitForMessageRestricted</name>
         <value>0x2431</value>
         <object_component_ref idref="oc-56c"/>
      </symbol>
      <symbol id="sm-57e">
         <name>vTaskSuspendAll</name>
         <value>0x29a9</value>
         <object_component_ref idref="oc-3cb"/>
      </symbol>
      <symbol id="sm-57f">
         <name>vTaskPriorityInherit</name>
         <value>0x1915</value>
         <object_component_ref idref="oc-478"/>
      </symbol>
      <symbol id="sm-580">
         <name>vTaskPlaceOnEventList</name>
         <value>0x1f05</value>
         <object_component_ref idref="oc-44c"/>
      </symbol>
      <symbol id="sm-581">
         <name>xTaskCheckForTimeOut</name>
         <value>0x21f5</value>
         <object_component_ref idref="oc-43a"/>
      </symbol>
      <symbol id="sm-582">
         <name>xTaskPriorityDisinherit</name>
         <value>0x1b31</value>
         <object_component_ref idref="oc-2e8"/>
      </symbol>
      <symbol id="sm-583">
         <name>vTaskStartScheduler</name>
         <value>0x1e39</value>
         <object_component_ref idref="oc-260"/>
      </symbol>
      <symbol id="sm-584">
         <name>pvTaskIncrementMutexHeldCount</name>
         <value>0x28c1</value>
         <object_component_ref idref="oc-484"/>
      </symbol>
      <symbol id="sm-585">
         <name>vTaskMissedYield</name>
         <value>0x29ed</value>
         <object_component_ref idref="oc-4db"/>
      </symbol>
      <symbol id="sm-586">
         <name>uxTaskGetNumberOfTasks</name>
         <value>0x29e1</value>
         <object_component_ref idref="oc-51d"/>
      </symbol>
      <symbol id="sm-587">
         <name>xTaskResumeAll</name>
         <value>0x13f1</value>
         <object_component_ref idref="oc-3d7"/>
      </symbol>
      <symbol id="sm-588">
         <name>xTaskGetTickCount</name>
         <value>0x29f9</value>
         <object_component_ref idref="oc-254"/>
      </symbol>
      <symbol id="sm-589">
         <name>xTaskGenericCreate</name>
         <value>0x1209</value>
         <object_component_ref idref="oc-248"/>
      </symbol>
      <symbol id="sm-58a">
         <name>pxCurrentTCB</name>
         <value>0x20006478</value>
         <object_component_ref idref="oc-97"/>
      </symbol>
      <symbol id="sm-58b">
         <name>vTaskPlaceOnEventListRestricted</name>
         <value>0x1dd1</value>
         <object_component_ref idref="oc-5b1"/>
      </symbol>
      <symbol id="sm-58c">
         <name>vTaskSetTimeOutState</name>
         <value>0x2909</value>
         <object_component_ref idref="oc-434"/>
      </symbol>
      <symbol id="sm-58d">
         <name>xTaskIncrementTick</name>
         <value>0x1105</value>
         <object_component_ref idref="oc-a4"/>
      </symbol>
      <symbol id="sm-58e">
         <name>vTaskSwitchContext</name>
         <value>0x19a5</value>
         <object_component_ref idref="oc-9d"/>
      </symbol>
      <symbol id="sm-58f">
         <name>xTaskGetSchedulerState</name>
         <value>0x2831</value>
         <object_component_ref idref="oc-357"/>
      </symbol>
      <symbol id="sm-590">
         <name>xTaskRemoveFromEventList</name>
         <value>0x1ba9</value>
         <object_component_ref idref="oc-16e"/>
      </symbol>
      <symbol id="sm-65d">
         <name>xTimerCreateTimerTask</name>
         <value>0x23a9</value>
         <object_component_ref idref="oc-36f"/>
      </symbol>
      <symbol id="sm-65e">
         <name>xTimerCreate</name>
         <value>0x2527</value>
         <object_component_ref idref="oc-24e"/>
      </symbol>
      <symbol id="sm-65f">
         <name>xTimerGenericCommand</name>
         <value>0x23ed</value>
         <object_component_ref idref="oc-25a"/>
      </symbol>
      <symbol id="sm-6ba">
         <name>ulMaxSyscallInterruptPriority</name>
         <value>0x2a48</value>
         <object_component_ref idref="oc-9a"/>
      </symbol>
      <symbol id="sm-6bb">
         <name>vPortSetupTimerInterrupt</name>
         <value>0x294d</value>
         <object_component_ref idref="oc-45e"/>
      </symbol>
      <symbol id="sm-6bc">
         <name>xPortSysTickHandler</name>
         <value>0x2689</value>
         <object_component_ref idref="oc-41"/>
      </symbol>
      <symbol id="sm-6bd">
         <name>pxPortInitialiseStack</name>
         <value>0x2781</value>
         <object_component_ref idref="oc-32f"/>
      </symbol>
      <symbol id="sm-6be">
         <name>vPortExitCritical</name>
         <value>0x28f1</value>
         <object_component_ref idref="oc-341"/>
      </symbol>
      <symbol id="sm-6bf">
         <name>xPortStartScheduler</name>
         <value>0x2471</value>
         <object_component_ref idref="oc-375"/>
      </symbol>
      <symbol id="sm-6c0">
         <name>vPortEnterCritical</name>
         <value>0x2889</value>
         <object_component_ref idref="oc-335"/>
      </symbol>
      <symbol id="sm-6cf">
         <name>vPortStartFirstTask</name>
         <value>0x157d</value>
         <object_component_ref idref="oc-3c"/>
      </symbol>
      <symbol id="sm-6d0">
         <name>ulPortGetIPSR</name>
         <value>0x14e5</value>
         <object_component_ref idref="oc-3c"/>
      </symbol>
      <symbol id="sm-6d1">
         <name>vPortEnableVFP</name>
         <value>0x1599</value>
         <object_component_ref idref="oc-3c"/>
      </symbol>
      <symbol id="sm-6d2">
         <name>xPortPendSVHandler</name>
         <value>0x14fd</value>
         <object_component_ref idref="oc-3c"/>
      </symbol>
      <symbol id="sm-6d3">
         <name>vPortSVCHandler</name>
         <value>0x155d</value>
         <object_component_ref idref="oc-3c"/>
      </symbol>
      <symbol id="sm-728">
         <name>pvPortMalloc</name>
         <value>0x1729</value>
         <object_component_ref idref="oc-302"/>
      </symbol>
      <symbol id="sm-729">
         <name>vPortFree</name>
         <value>0x2365</value>
         <object_component_ref idref="oc-3ff"/>
      </symbol>
      <symbol id="sm-7d2">
         <name>lwip_stats</name>
         <value>0x20004f10</value>
      </symbol>
      <symbol id="sm-7d3">
         <name>g_pfnTimerHandler</name>
         <value>0x20005460</value>
      </symbol>
      <symbol id="sm-7d4">
         <name>lwIPLocalIPAddrGet</name>
         <value>0x2851</value>
         <object_component_ref idref="oc-523"/>
      </symbol>
      <symbol id="sm-7d5">
         <name>lwIPEthernetIntHandler</name>
         <value>0x1679</value>
         <object_component_ref idref="oc-4d"/>
      </symbol>
      <symbol id="sm-7e5">
         <name>__aeabi_memset</name>
         <value>0x1ab7</value>
         <object_component_ref idref="oc-fe"/>
      </symbol>
      <symbol id="sm-7e6">
         <name>memset</name>
         <value>0x1abd</value>
         <object_component_ref idref="oc-fe"/>
      </symbol>
      <symbol id="sm-7e7">
         <name>__aeabi_memset8</name>
         <value>0x1ab7</value>
         <object_component_ref idref="oc-fe"/>
      </symbol>
      <symbol id="sm-7e8">
         <name>__aeabi_memset4</name>
         <value>0x1ab7</value>
         <object_component_ref idref="oc-fe"/>
      </symbol>
      <symbol id="sm-7e9">
         <name>__aeabi_memclr8</name>
         <value>0x1ab5</value>
         <object_component_ref idref="oc-fe"/>
      </symbol>
      <symbol id="sm-7ea">
         <name>__aeabi_memclr4</name>
         <value>0x1ab5</value>
         <object_component_ref idref="oc-fe"/>
      </symbol>
      <symbol id="sm-7eb">
         <name>__aeabi_memclr</name>
         <value>0x1ab5</value>
         <object_component_ref idref="oc-fe"/>
      </symbol>
      <symbol id="sm-807">
         <name>memcpy</name>
         <value>0x1879</value>
         <object_component_ref idref="oc-61"/>
      </symbol>
      <symbol id="sm-808">
         <name>__aeabi_memcpy</name>
         <value>0x1879</value>
         <object_component_ref idref="oc-61"/>
      </symbol>
      <symbol id="sm-809">
         <name>__aeabi_memcpy8</name>
         <value>0x1879</value>
         <object_component_ref idref="oc-61"/>
      </symbol>
      <symbol id="sm-80a">
         <name>__aeabi_memcpy4</name>
         <value>0x1879</value>
         <object_component_ref idref="oc-61"/>
      </symbol>
      <symbol id="sm-81c">
         <name>__TI_zero_init</name>
         <value>0x29c7</value>
         <object_component_ref idref="oc-73"/>
      </symbol>
      <symbol id="sm-833">
         <name>__TI_decompress_none</name>
         <value>0x29b9</value>
         <object_component_ref idref="oc-18"/>
      </symbol>
      <symbol id="sm-856">
         <name>__TI_decompress_lzss</name>
         <value>0x1d01</value>
         <object_component_ref idref="oc-12"/>
      </symbol>
      <symbol id="sm-86f">
         <name>__stack</name>
         <value>0x20005478</value>
         <object_component_ref idref="oc-21"/>
      </symbol>
      <symbol id="sm-870">
         <name>_c_int00_noargs</name>
         <value>0x2561</value>
         <object_component_ref idref="oc-7f"/>
      </symbol>
      <symbol id="sm-899">
         <name>__TI_auto_init_nobinit_nopinit</name>
         <value>0x22dd</value>
         <object_component_ref idref="oc-289"/>
      </symbol>
      <symbol id="sm-8a3">
         <name>_system_pre_init</name>
         <value>0x2a25</value>
         <object_component_ref idref="oc-104"/>
      </symbol>
      <symbol id="sm-8af">
         <name>C$$EXIT</name>
         <value>0x2a29</value>
         <object_component_ref idref="oc-27d"/>
      </symbol>
      <symbol id="sm-8b0">
         <name>abort</name>
         <value>0x2a29</value>
         <object_component_ref idref="oc-27d"/>
      </symbol>
      <symbol id="sm-8df">
         <name>EMACTimestampIntStatus</name>
         <value>0x2a0d</value>
         <object_component_ref idref="oc-c5"/>
      </symbol>
      <symbol id="sm-8e0">
         <name>EMACPowerManagementStatusGet</name>
         <value>0x2a05</value>
         <object_component_ref idref="oc-bf"/>
      </symbol>
      <symbol id="sm-8e1">
         <name>EMACIntStatus</name>
         <value>0x265d</value>
         <object_component_ref idref="oc-b9"/>
      </symbol>
      <symbol id="sm-908">
         <name>GPIODirModeSet</name>
         <value>0x26b5</value>
         <object_component_ref idref="oc-3ef"/>
      </symbol>
      <symbol id="sm-909">
         <name>GPIOPadConfigSet</name>
         <value>0xeb9</value>
         <object_component_ref idref="oc-3f5"/>
      </symbol>
      <symbol id="sm-90a">
         <name>GPIOPinTypeLCD</name>
         <value>0x2973</value>
         <object_component_ref idref="oc-315"/>
      </symbol>
      <symbol id="sm-90b">
         <name>GPIOPinTypeEthernetLED</name>
         <value>0x2961</value>
         <object_component_ref idref="oc-30f"/>
      </symbol>
      <symbol id="sm-91d">
         <name>UARTClockSourceSet</name>
         <value>0x2a19</value>
         <object_component_ref idref="oc-31c"/>
      </symbol>
      <symbol id="sm-926">
         <name>__TI_static_base__</name>
         <value>0x0</value>
      </symbol>
      <symbol id="sm-929">
         <name>UARTprintf</name>
         <value>0x0</value>
      </symbol>
      <symbol id="sm-92a">
         <name>UARTStdioConfig</name>
         <value>0x0</value>
      </symbol>
      <symbol id="sm-92b">
         <name>MAP_SysCtlClockFreqSet</name>
         <value>0x0</value>
      </symbol>
      <symbol id="sm-92c">
         <name>__mpu_init</name>
         <value>0x0</value>
      </symbol>
      <symbol id="sm-92d">
         <name>_system_post_cinit</name>
         <value>0x0</value>
      </symbol>
   </symbol_table>
   <title>Link errors: red sections failed placement</title>
</link_info>
